Component: ARM Compiler 5.06 update 6 (build 750) Tool: armlink [4d35ed]

==============================================================================

Section Cross References

    main.o(i.OV7670_camera_refresh) refers to lcd.o(i.LCD_Scan_Dir) for LCD_Scan_Dir
    main.o(i.OV7670_camera_refresh) refers to lcd.o(i.LCD_Set_Window) for LCD_Set_Window
    main.o(i.OV7670_camera_refresh) refers to lcd.o(i.LCD_WriteRAM_Prepare) for LCD_WriteRAM_Prepare
    main.o(i.OV7670_camera_refresh) refers to exti.o(.data) for ov_sta
    main.o(i.OV7670_camera_refresh) refers to lcd.o(.bss) for lcddev
    main.o(i.OV7670_camera_refresh) refers to timer.o(.data) for ov_frame
    main.o(i.OV7725_camera_refresh) refers to lcd.o(i.LCD_Scan_Dir) for LCD_Scan_Dir
    main.o(i.OV7725_camera_refresh) refers to lcd.o(i.LCD_Set_Window) for LCD_Set_Window
    main.o(i.OV7725_camera_refresh) refers to lcd.o(i.LCD_WriteRAM_Prepare) for LCD_WriteRAM_Prepare
    main.o(i.OV7725_camera_refresh) refers to exti.o(.data) for ov_sta
    main.o(i.OV7725_camera_refresh) refers to lcd.o(.bss) for lcddev
    main.o(i.OV7725_camera_refresh) refers to timer.o(.data) for ov_frame
    main.o(i.main) refers to _printf_percent.o(.ARM.Collect$$_printf_percent$$00000000) for _printf_percent
    main.o(i.main) refers to _printf_s.o(.ARM.Collect$$_printf_percent$$00000014) for _printf_s
    main.o(i.main) refers to _printf_str.o(.text) for _printf_str
    main.o(i.main) refers to _printf_d.o(.ARM.Collect$$_printf_percent$$00000009) for _printf_d
    main.o(i.main) refers to _printf_dec.o(.text) for _printf_int_dec
    main.o(i.main) refers to delay.o(i.delay_init) for delay_init
    main.o(i.main) refers to misc.o(i.NVIC_PriorityGroupConfig) for NVIC_PriorityGroupConfig
    main.o(i.main) refers to usart.o(i.uart_init) for uart_init
    main.o(i.main) refers to led.o(i.LED_Init) for LED_Init
    main.o(i.main) refers to key.o(i.KEY_Init) for KEY_Init
    main.o(i.main) refers to lcd.o(i.LCD_Init) for LCD_Init
    main.o(i.main) refers to tpad.o(i.TPAD_Init) for TPAD_Init
    main.o(i.main) refers to lcd.o(i.LCD_ShowString) for LCD_ShowString
    main.o(i.main) refers to ov7725.o(i.OV7725_Init) for OV7725_Init
    main.o(i.main) refers to ov7670.o(i.OV7670_Init) for OV7670_Init
    main.o(i.main) refers to delay.o(i.delay_ms) for delay_ms
    main.o(i.main) refers to lcd.o(i.LCD_Fill) for LCD_Fill
    main.o(i.main) refers to key.o(i.KEY_Scan) for KEY_Scan
    main.o(i.main) refers to ov7725.o(i.OV7725_Window_Set) for OV7725_Window_Set
    main.o(i.main) refers to ov7725.o(i.OV7725_Light_Mode) for OV7725_Light_Mode
    main.o(i.main) refers to ov7725.o(i.OV7725_Color_Saturation) for OV7725_Color_Saturation
    main.o(i.main) refers to ov7725.o(i.OV7725_Brightness) for OV7725_Brightness
    main.o(i.main) refers to ov7725.o(i.OV7725_Contrast) for OV7725_Contrast
    main.o(i.main) refers to ov7725.o(i.OV7725_Special_Effects) for OV7725_Special_Effects
    main.o(i.main) refers to ov7670.o(i.OV7670_Light_Mode) for OV7670_Light_Mode
    main.o(i.main) refers to ov7670.o(i.OV7670_Color_Saturation) for OV7670_Color_Saturation
    main.o(i.main) refers to ov7670.o(i.OV7670_Brightness) for OV7670_Brightness
    main.o(i.main) refers to ov7670.o(i.OV7670_Contrast) for OV7670_Contrast
    main.o(i.main) refers to ov7670.o(i.OV7670_Special_Effects) for OV7670_Special_Effects
    main.o(i.main) refers to ov7670.o(i.OV7670_Window_Set) for OV7670_Window_Set
    main.o(i.main) refers to timer.o(i.TIM6_Int_Init) for TIM6_Int_Init
    main.o(i.main) refers to exti.o(i.EXTI8_Init) for EXTI8_Init
    main.o(i.main) refers to lcd.o(i.LCD_Clear) for LCD_Clear
    main.o(i.main) refers to noretval__2sprintf.o(.text) for __2sprintf
    main.o(i.main) refers to tpad.o(i.TPAD_Scan) for TPAD_Scan
    main.o(i.main) refers to main.o(i.OV7725_camera_refresh) for OV7725_camera_refresh
    main.o(i.main) refers to main.o(i.OV7670_camera_refresh) for OV7670_camera_refresh
    main.o(i.main) refers to usmart_config.o(.data) for usmart_dev
    main.o(i.main) refers to lcd.o(.data) for POINT_COLOR
    main.o(i.main) refers to main.o(.data) for .data
    main.o(i.main) refers to lcd.o(.bss) for lcddev
    main.o(.data) refers to main.o(.conststring) for .conststring
    system_stm32f10x.o(i.SystemCoreClockUpdate) refers to system_stm32f10x.o(.data) for .data
    system_stm32f10x.o(i.SystemInit) refers to system_stm32f10x.o(i.SetSysClockTo72) for SetSysClockTo72
    led.o(i.LED_Init) refers to stm32f10x_rcc.o(i.RCC_APB2PeriphClockCmd) for RCC_APB2PeriphClockCmd
    led.o(i.LED_Init) refers to stm32f10x_gpio.o(i.GPIO_Init) for GPIO_Init
    led.o(i.LED_Init) refers to stm32f10x_gpio.o(i.GPIO_SetBits) for GPIO_SetBits
    key.o(i.KEY_Init) refers to stm32f10x_rcc.o(i.RCC_APB2PeriphClockCmd) for RCC_APB2PeriphClockCmd
    key.o(i.KEY_Init) refers to stm32f10x_gpio.o(i.GPIO_Init) for GPIO_Init
    key.o(i.KEY_Scan) refers to stm32f10x_gpio.o(i.GPIO_ReadInputDataBit) for GPIO_ReadInputDataBit
[...]
    .ARM.Collect$$rtexit$$00000003           0x08000222   Section        4  rtexit2.o(.ARM.Collect$$rtexit$$00000003)
    .ARM.Collect$$rtexit$$00000004           0x08000226   Section        6  rtexit2.o(.ARM.Collect$$rtexit$$00000004)
    .text                                    0x0800022c   Section       60  startup_stm32f10x_hd.o(.text)
    .text                                    0x08000268   Section        2  use_no_semi_2.o(.text)
    .text                                    0x0800026c   Section        0  noretval__2printf.o(.text)
    .text                                    0x08000284   Section        0  noretval__2sprintf.o(.text)
    .text                                    0x080002ac   Section        0  _printf_pad.o(.text)
    .text                                    0x080002fa   Section        0  _printf_str.o(.text)
    .text                                    0x0800034c   Section        0  _printf_dec.o(.text)
    .text                                    0x080003c4   Section        0  _printf_hex_int.o(.text)
    .text                                    0x0800041c   Section        0  __printf_flags_ss_wp.o(.text)
    .text                                    0x080005a4   Section        0  heapauxi.o(.text)
    .text                                    0x080005aa   Section        2  use_no_semi.o(.text)
    .text                                    0x080005ac   Section        0  _printf_intcommon.o(.text)
    .text                                    0x08000660   Section        0  _printf_char_common.o(.text)
    _printf_input_char                       0x08000661   Thumb Code    10  _printf_char_common.o(.text)
    .text                                    0x08000690   Section        0  _sputc.o(.text)
    .text                                    0x0800069a   Section        0  _printf_char.o(.text)
    .text                                    0x080006c8   Section        0  _printf_char_file.o(.text)
    .text                                    0x080006ec   Section        0  ferror.o(.text)
    .text                                    0x080006f4   Section       74  sys_stackheap_outer.o(.text)
    .text                                    0x0800073e   Section        0  exit.o(.text)
    .text                                    0x08000750   Section        8  libspace.o(.text)
    i.BusFault_Handler                       0x08000758   Section        0  stm32f10x_it.o(i.BusFault_Handler)
    i.DebugMon_Handler                       0x0800075a   Section        0  stm32f10x_it.o(i.DebugMon_Handler)
    i.EXTI0_IRQHandler                       0x0800075c   Section        0  exti.o(i.EXTI0_IRQHandler)
    i.EXTI3_IRQHandler                       0x08000794   Section        0  exti.o(i.EXTI3_IRQHandler)
    i.EXTI4_IRQHandler                       0x080007cc   Section        0  exti.o(i.EXTI4_IRQHandler)
    i.EXTI8_Init                             0x08000804   Section        0  exti.o(i.EXTI8_Init)
    i.EXTI9_5_IRQHandler                     0x08000848   Section        0  exti.o(i.EXTI9_5_IRQHandler)
    i.EXTI_ClearITPendingBit                 0x0800088c   Section        0  stm32f10x_exti.o(i.EXTI_ClearITPendingBit)
    i.EXTI_GetITStatus                       0x08000898   Section        0  stm32f10x_exti.o(i.EXTI_GetITStatus)
    i.EXTI_Init                              0x080008b8   Section        0  stm32f10x_exti.o(i.EXTI_Init)
    i.FSMC_NORSRAMCmd                        0x08000928   Section        0  stm32f10x_fsmc.o(i.FSMC_NORSRAMCmd)
    i.FSMC_NORSRAMInit                       0x08000948   Section        0  stm32f10x_fsmc.o(i.FSMC_NORSRAMInit)
    i.GPIO_EXTILineConfig                    0x08000a10   Section        0  stm32f10x_gpio.o(i.GPIO_EXTILineConfig)
    i.GPIO_Init                              0x08000a38   Section        0  stm32f10x_gpio.o(i.GPIO_Init)
    i.GPIO_PinRemapConfig                    0x08000ad4   Section        0  stm32f10x_gpio.o(i.GPIO_PinRemapConfig)
    i.GPIO_ReadInputDataBit                  0x08000b2c   Section        0  stm32f10x_gpio.o(i.GPIO_ReadInputDataBit)
    i.GPIO_ResetBits                         0x08000b3a   Section        0  stm32f10x_gpio.o(i.GPIO_ResetBits)
    i.GPIO_SetBits                           0x08000b3e   Section        0  stm32f10x_gpio.o(i.GPIO_SetBits)
    i.HardFault_Handler                      0x08000b42   Section        0  stm32f10x_it.o(i.HardFault_Handler)
    i.KEY_Init                               0x08000b44   Section        0  key.o(i.KEY_Init)
    i.KEY_Scan                               0x08000b80   Section        0  key.o(i.KEY_Scan)
    i.LCD_Clear                              0x08000c28   Section        0  lcd.o(i.LCD_Clear)
    i.LCD_Display_Dir                        0x08000c94   Section        0  lcd.o(i.LCD_Display_Dir)
    i.LCD_Fast_DrawPoint                     0x08000dc8   Section        0  lcd.o(i.LCD_Fast_DrawPoint)
    i.LCD_Fill                               0x08000ee8   Section        0  lcd.o(i.LCD_Fill)
    i.LCD_Init                               0x08000f74   Section        0  lcd.o(i.LCD_Init)
    i.LCD_RD_DATA                            0x08003da0   Section        0  lcd.o(i.LCD_RD_DATA)
    i.LCD_ReadReg                            0x08003db4   Section        0  lcd.o(i.LCD_ReadReg)
    i.LCD_SSD_BackLightSet                   0x08003dcc   Section        0  lcd.o(i.LCD_SSD_BackLightSet)
    i.LCD_Scan_Dir                           0x08003e08   Section        0  lcd.o(i.LCD_Scan_Dir)
    i.LCD_SetCursor                          0x08003fb0   Section        0  lcd.o(i.LCD_SetCursor)
    i.LCD_Set_Window                         0x080040f8   Section        0  lcd.o(i.LCD_Set_Window)
    i.LCD_ShowChar                           0x08004274   Section        0  lcd.o(i.LCD_ShowChar)
    i.LCD_ShowString                         0x08004340   Section        0  lcd.o(i.LCD_ShowString)
    i.LCD_WriteRAM_Prepare                   0x08004394   Section        0  lcd.o(i.LCD_WriteRAM_Prepare)
    i.LCD_WriteReg                           0x080043a8   Section        0  lcd.o(i.LCD_WriteReg)
    i.LED_Init                               0x080043b8   Section        0  led.o(i.LED_Init)
    i.MemManage_Handler                      0x08004408   Section        0  stm32f10x_it.o(i.MemManage_Handler)
    i.NMI_Handler                            0x0800440a   Section        0  stm32f10x_it.o(i.NMI_Handler)
    i.NVIC_Init                              0x0800440c   Section        0  misc.o(i.NVIC_Init)
    i.NVIC_PriorityGroupConfig               0x08004470   Section        0  misc.o(i.NVIC_PriorityGroupConfig)
    i.OV7670_Brightness                      0x08004484   Section        0  ov7670.o(i.OV7670_Brightness)
    i.OV7670_Color_Saturation                0x080044aa   Section        0  ov7670.o(i.OV7670_Color_Saturation)
    i.OV7670_Contrast                        0x0800451c   Section        0  ov7670.o(i.OV7670_Contrast)
    i.OV7670_Init                            0x08004544   Section        0  ov7670.o(i.OV7670_Init)
    i.OV7670_Light_Mode                      0x08004654   Section        0  ov7670.o(i.OV7670_Light_Mode)
    i.OV7670_Special_Effects                 0x080046d2   Section        0  ov7670.o(i.OV7670_Special_Effects)
    i.OV7670_Window_Set                      0x08004752   Section        0  ov7670.o(i.OV7670_Window_Set)
    i.OV7670_camera_refresh                  0x080047c0   Section        0  main.o(i.OV7670_camera_refresh)
    i.OV7725_Brightness                      0x080048c4   Section        0  ov7725.o(i.OV7725_Brightness)
    i.OV7725_Color_Saturation                0x08004912   Section        0  ov7725.o(i.OV7725_Color_Saturation)
    i.OV7725_Contrast                        0x08004934   Section        0  ov7725.o(i.OV7725_Contrast)
    i.OV7725_Init                            0x0800494c   Section        0  ov7725.o(i.OV7725_Init)
    i.OV7725_Light_Mode                      0x08004aa8   Section        0  ov7725.o(i.OV7725_Light_Mode)
    i.OV7725_Special_Effects                 0x08004b40   Section        0  ov7725.o(i.OV7725_Special_Effects)
    i.OV7725_Window_Set                      0x08004bca   Section        0  ov7725.o(i.OV7725_Window_Set)
    i.OV7725_camera_refresh                  0x08004d10   Section        0  main.o(i.OV7725_camera_refresh)
    i.PendSV_Handler                         0x08004e0c   Section        0  stm32f10x_it.o(i.PendSV_Handler)
    i.RCC_AHBPeriphClockCmd                  0x08004e10   Section        0  stm32f10x_rcc.o(i.RCC_AHBPeriphClockCmd)
    i.RCC_APB1PeriphClockCmd                 0x08004e28   Section        0  stm32f10x_rcc.o(i.RCC_APB1PeriphClockCmd)
    i.RCC_APB2PeriphClockCmd                 0x08004e40   Section        0  stm32f10x_rcc.o(i.RCC_APB2PeriphClockCmd)
    i.RCC_GetClocksFreq                      0x08004e58   Section        0  stm32f10x_rcc.o(i.RCC_GetClocksFreq)
    i.SCCB_Init                              0x08004eec   Section        0  sccb.o(i.SCCB_Init)
    i.SCCB_No_Ack                            0x08004f58   Section        0  sccb.o(i.SCCB_No_Ack)
    i.SCCB_RD_Byte                           0x08004f9c   Section        0  sccb.o(i.SCCB_RD_Byte)
    i.SCCB_RD_Reg                            0x08005010   Section        0  sccb.o(i.SCCB_RD_Reg)
    i.SCCB_Start                             0x0800505c   Section        0  sccb.o(i.SCCB_Start)
    i.SCCB_Stop                              0x08005090   Section        0  sccb.o(i.SCCB_Stop)
    i.SCCB_WR_Byte                           0x080050c8   Section        0  sccb.o(i.SCCB_WR_Byte)
    i.SCCB_WR_Reg                            0x08005158   Section        0  sccb.o(i.SCCB_WR_Reg)
    i.SVC_Handler                            0x08005196   Section        0  stm32f10x_it.o(i.SVC_Handler)
    i.SetSysClockTo72                        0x08005198   Section        0  system_stm32f10x.o(i.SetSysClockTo72)
    SetSysClockTo72                          0x08005199   Thumb Code   160  system_stm32f10x.o(i.SetSysClockTo72)
    i.SysTick_CLKSourceConfig                0x08005240   Section        0  misc.o(i.SysTick_CLKSourceConfig)
    i.SysTick_Handler                        0x08005258   Section        0  stm32f10x_it.o(i.SysTick_Handler)
    i.SystemInit                             0x0800525c   Section        0  system_stm32f10x.o(i.SystemInit)
    i.TI1_Config                             0x080052ac   Section        0  stm32f10x_tim.o(i.TI1_Config)
    TI1_Config                               0x080052ad   Thumb Code    88  stm32f10x_tim.o(i.TI1_Config)
    i.TI2_Config                             0x08005318   Section        0  stm32f10x_tim.o(i.TI2_Config)
    TI2_Config                               0x08005319   Thumb Code   102  stm32f10x_tim.o(i.TI2_Config)
    i.TIM3_IRQHandler                        0x08005394   Section        0  timer.o(i.TIM3_IRQHandler)
    i.TIM4_IRQHandler                        0x080053c8   Section        0  usmart.o(i.TIM4_IRQHandler)
    i.TIM5_CH2_Cap_Init                      0x08005404   Section        0  tpad.o(i.TIM5_CH2_Cap_Init)
    i.TIM5_IRQHandler                        0x08005484   Section        0  timer.o(i.TIM5_IRQHandler)
    i.TIM6_IRQHandler                        0x0800550c   Section        0  timer.o(i.TIM6_IRQHandler)
    i.TIM6_Int_Init                          0x0800554c   Section        0  timer.o(i.TIM6_Int_Init)
    i.TIM_ClearFlag                          0x080055ac   Section        0  stm32f10x_tim.o(i.TIM_ClearFlag)
    i.TIM_ClearITPendingBit                  0x080055b2   Section        0  stm32f10x_tim.o(i.TIM_ClearITPendingBit)
    i.TIM_Cmd                                0x080055b8   Section        0  stm32f10x_tim.o(i.TIM_Cmd)
    i.TIM_GetCapture1                        0x080055cc   Section        0  stm32f10x_tim.o(i.TIM_GetCapture1)
    i.TIM_GetCapture2                        0x080055d0   Section        0  stm32f10x_tim.o(i.TIM_GetCapture2)
    i.TIM_GetCounter                         0x080055d4   Section        0  stm32f10x_tim.o(i.TIM_GetCounter)
    i.TIM_GetFlagStatus                      0x080055d8   Section        0  stm32f10x_tim.o(i.TIM_GetFlagStatus)
    i.TIM_GetITStatus                        0x080055e6   Section        0  stm32f10x_tim.o(i.TIM_GetITStatus)
    i.TIM_ICInit                             0x08005600   Section        0  stm32f10x_tim.o(i.TIM_ICInit)
    i.TIM_ITConfig                           0x0800572c   Section        0  stm32f10x_tim.o(i.TIM_ITConfig)
    i.TIM_OC1PolarityConfig                  0x0800573c   Section        0  stm32f10x_tim.o(i.TIM_OC1PolarityConfig)
    i.TIM_SetAutoreload                      0x08005748   Section        0  stm32f10x_tim.o(i.TIM_SetAutoreload)
    i.TIM_SetCounter                         0x0800574c   Section        0  stm32f10x_tim.o(i.TIM_SetCounter)
    i.TIM_SetIC1Prescaler                    0x08005750   Section        0  stm32f10x_tim.o(i.TIM_SetIC1Prescaler)
    i.TIM_SetIC2Prescaler                    0x08005760   Section        0  stm32f10x_tim.o(i.TIM_SetIC2Prescaler)
    i.TIM_SetIC3Prescaler                    0x08005778   Section        0  stm32f10x_tim.o(i.TIM_SetIC3Prescaler)
    i.TIM_SetIC4Prescaler                    0x08005788   Section        0  stm32f10x_tim.o(i.TIM_SetIC4Prescaler)
    i.TIM_TimeBaseInit                       0x080057a0   Section        0  stm32f10x_tim.o(i.TIM_TimeBaseInit)
    i.TPAD_Get_MaxVal                        0x0800583c   Section        0  tpad.o(i.TPAD_Get_MaxVal)
    i.TPAD_Get_Val                           0x08005858   Section        0  tpad.o(i.TPAD_Get_Val)
    i.TPAD_Init                              0x08005894   Section        0  tpad.o(i.TPAD_Init)
    i.TPAD_Reset                             0x0800593c   Section        0  tpad.o(i.TPAD_Reset)
    i.TPAD_Scan                              0x0800599c   Section        0  tpad.o(i.TPAD_Scan)
    i.Timer4_Init                            0x080059dc   Section        0  usmart.o(i.Timer4_Init)
    i.USART1_IRQHandler                      0x08005a3c   Section        0  usart.o(i.USART1_IRQHandler)
    i.USART_Cmd                              0x08005aa0   Section        0  stm32f10x_usart.o(i.USART_Cmd)
    i.USART_GetITStatus                      0x08005ab4   Section        0  stm32f10x_usart.o(i.USART_GetITStatus)
    i.USART_ITConfig                         0x08005af2   Section        0  stm32f10x_usart.o(i.USART_ITConfig)
    i.USART_Init                             0x08005b24   Section        0  stm32f10x_usart.o(i.USART_Init)
    i.USART_ReceiveData                      0x08005bd0   Section        0  stm32f10x_usart.o(i.USART_ReceiveData)
    i.UsageFault_Handler                     0x08005bd8   Section        0  stm32f10x_it.o(i.UsageFault_Handler)
    i._is_digit                              0x08005bda   Section        0  __printf_wp.o(i._is_digit)
    i._sys_exit                              0x08005be8   Section        0  usart.o(i._sys_exit)
    i.delay_init                             0x08005bec   Section        0  delay.o(i.delay_init)
    i.delay_ms                               0x08005c28   Section        0  delay.o(i.delay_ms)
    i.delay_us                               0x08005c5c   Section        0  delay.o(i.delay_us)
    i.fputc                                  0x08005c90   Section        0  usart.o(i.fputc)
    i.main                                   0x08005ca8   Section        0  main.o(i.main)
    i.read_addr                              0x080061a0   Section        0  usmart.o(i.read_addr)
    i.uart_init                              0x080061a4   Section        0  usart.o(i.uart_init)
    i.usmart_cmd_rec                         0x08006244   Section        0  usmart.o(i.usmart_cmd_rec)
    i.usmart_exe                             0x080062d8   Section        0  usmart.o(i.usmart_exe)
    i.usmart_get_aparm                       0x08006538   Section        0  usmart_str.o(i.usmart_get_aparm)
    i.usmart_get_cmdname                     0x080065d4   Section        0  usmart_str.o(i.usmart_get_cmdname)
    i.usmart_get_fname                       0x08006604   Section        0  usmart_str.o(i.usmart_get_fname)
    i.usmart_get_fparam                      0x0800676c   Section        0  usmart_str.o(i.usmart_get_fparam)
    i.usmart_get_parmpos                     0x0800683c   Section        0  usmart_str.o(i.usmart_get_parmpos)
    i.usmart_get_runtime                     0x08006860   Section        0  usmart.o(i.usmart_get_runtime)
    i.usmart_init                            0x08006898   Section        0  usmart.o(i.usmart_init)
    i.usmart_pow                             0x080068c0   Section        0  usmart_str.o(i.usmart_pow)
    i.usmart_reset_runtime                   0x080068d0   Section        0  usmart.o(i.usmart_reset_runtime)
    i.usmart_scan                            0x08006900   Section        0  usmart.o(i.usmart_scan)
    i.usmart_search_nextc                    0x080069a4   Section        0  usmart_str.o(i.usmart_search_nextc)
    i.usmart_str2num                         0x080069b4   Section        0  usmart_str.o(i.usmart_str2num)
    i.usmart_strcmp                          0x08006a54   Section        0  usmart_str.o(i.usmart_strcmp)
    i.usmart_strcopy                         0x08006a6c   Section        0  usmart_str.o(i.usmart_strcopy)
    i.usmart_strlen                          0x08006a7e   Section        0  usmart_str.o(i.usmart_strlen)
    i.usmart_sys_cmd_exe                     0x08006a90   Section        0  usmart.o(i.usmart_sys_cmd_exe)
    i.write_addr                             0x08007100   Section        0  usmart.o(i.write_addr)
    x$fpl$dfixu                              0x08007104   Section       90  dfixu.o(x$fpl$dfixu)
    x$fpl$dfltu                              0x0800715e   Section       38  dflt_clz.o(x$fpl$dfltu)
    x$fpl$dmul                               0x08007184   Section      340  dmul.o(x$fpl$dmul)
    x$fpl$dnaninf                            0x080072d8   Section      156  dnaninf.o(x$fpl$dnaninf)
    x$fpl$dretinf                            0x08007374   Section       12  dretinf.o(x$fpl$dretinf)
    .constdata                               0x08007380   Section     6080  lcd.o(.constdata)
    x$fpl$usenofp                            0x08007380   Section        0  usenofp.o(x$fpl$usenofp)
    .constdata                               0x08008b40   Section      336  ov7670.o(.constdata)
    .constdata                               0x08008c90   Section      130  ov7725.o(.constdata)
    .constdata                               0x08008d12   Section       40  _printf_hex_int.o(.constdata)
    uc_hextab                                0x08008d12   Data          20  _printf_hex_int.o(.constdata)
    lc_hextab                                0x08008d26   Data          20  _printf_hex_int.o(.constdata)
    .constdata                               0x08008d3a   Section       17  __printf_flags_ss_wp.o(.constdata)
    maptable                                 0x08008d3a   Data          17  __printf_flags_ss_wp.o(.constdata)
    .conststring                             0x08008d4c   Section      106  main.o(.conststring)
    .conststring                             0x08008db8   Section       40  usmart.o(.conststring)
    .conststring                             0x08008de0   Section      223  usmart_config.o(.conststring)
    .data                                    0x20000000   Section       52  main.o(.data)
    .data                                    0x20000034   Section       20  system_stm32f10x.o(.data)
    .data                                    0x20000048   Section        1  key.o(.data)
    key_up                                   0x20000048   Data           1  key.o(.data)
    .data                                    0x2000004a   Section        4  lcd.o(.data)
    .data                                    0x2000004e   Section        4  tpad.o(.data)
    keyen                                    0x2000004e   Data           1  tpad.o(.data)
    .data                                    0x20000052   Section        1  exti.o(.data)
    .data                                    0x20000054   Section        4  timer.o(.data)
    .data                                    0x20000058   Section        4  delay.o(.data)
    fac_us                                   0x20000058   Data           1  delay.o(.data)
    fac_ms                                   0x2000005a   Data           2  delay.o(.data)
    .data                                    0x2000005c   Section        2  usart.o(.data)
    .data                                    0x20000060   Section        4  usart.o(.data)
    .data                                    0x20000064   Section       20  stm32f10x_rcc.o(.data)
    ADCPrescTable                            0x20000064   Data           4  stm32f10x_rcc.o(.data)
    APBAHBPrescTable                         0x20000068   Data          16  stm32f10x_rcc.o(.data)
    .data                                    0x20000078   Section       28  usmart.o(.data)
    .data                                    0x20000094   Section       56  usmart_config.o(.data)
    .data                                    0x200000cc   Section      244  usmart_config.o(.data)
    .bss                                     0x200001c0   Section       14  lcd.o(.bss)
    .bss                                     0x200001ce   Section      200  usart.o(.bss)
    .bss                                     0x20000298   Section       96  libspace.o(.bss)
    HEAP                                     0x200002f8   Section        0  startup_stm32f10x_hd.o(HEAP)
    STACK                                    0x200002f8   Section     1024  startup_stm32f10x_hd.o(STACK)
    Heap_Mem                                 0x200002f8   Data           0  startup_stm32f10x_hd.o(HEAP)
    Stack_Mem                                0x200002f8   Data        1024  startup_stm32f10x_hd.o(STACK)
    __initial_sp                             0x200006f8   Data           0  startup_stm32f10x_hd.o(STACK)

    Global Symbols

    Symbol Name                              Value     Ov Type        Size  Object(Section)

    BuildAttributes$$THM_ISAv4$P$D$K$B$S$PE$A:L22UL41UL21$X:L11$S22US41US21$IEEE1$IW$USESV6$~STKCKD$USESV7$~SHL$OSPACE$ROPI$EBA8$UX$STANDARDLIB$REQ8$PRES8$EABIv2 0x00000000   Number         0  anon$$obj.o ABSOLUTE
    __ARM_use_no_argv                        0x00000000   Number         0  main.o ABSOLUTE
    _printf_flags                            0x00000000   Number         0  printf_stubs.o ABSOLUTE
    _printf_return_value                     0x00000000   Number         0  printf_stubs.o ABSOLUTE
    _printf_sizespec                         0x00000000   Number         0  printf_stubs.o ABSOLUTE
    _printf_widthprec                        0x00000000   Number         0  printf_stubs.o ABSOLUTE
    __ARM_exceptions_init                     - Undefined Weak Reference
    __alloca_initialize                       - Undefined Weak Reference
    __arm_preinit_                            - Undefined Weak Reference
    __cpp_initialize__aeabi_                  - Undefined Weak Reference
    __cxa_finalize                            - Undefined Weak Reference
    __rt_locale                               - Undefined Weak Reference
    __sigvec_lookup                           - Undefined Weak Reference
    _atexit_init                              - Undefined Weak Reference
    _call_atexit_fns                          - Undefined Weak Reference
    _clock_init                               - Undefined Weak Reference
    _fp_trap_init                             - Undefined Weak Reference
    _fp_trap_shutdown                         - Undefined Weak Reference
    _get_lc_collate                           - Undefined Weak Reference
    _get_lc_ctype                             - Undefined Weak Reference
    _get_lc_monetary                          - Undefined Weak Reference
    _get_lc_numeric                           - Undefined Weak Reference
    _get_lc_time                              - Undefined Weak Reference
    _getenv_init                              - Undefined Weak Reference
    _handle_redirection                       - Undefined Weak Reference
    _init_alloc                               - Undefined Weak Reference
    _init_user_alloc                          - Undefined Weak Reference
    _initio                                   - Undefined Weak Reference
    _mutex_acquire                            - Undefined Weak Reference
    _mutex_release                            - Undefined Weak Reference
    _printf_mbtowc                            - Undefined Weak Reference
    _printf_truncate_signed                   - Undefined Weak Reference
    _printf_truncate_unsigned                 - Undefined Weak Reference
    _rand_init                                - Undefined Weak Reference
    _signal_finish                            - Undefined Weak Reference
    _signal_init                              - Undefined Weak Reference
    _terminate_alloc                          - Undefined Weak Reference
    _terminate_user_alloc                     - Undefined Weak Reference
    _terminateio                              - Undefined Weak Reference
    __Vectors_Size                           0x00000130   Number         0  startup_stm32f10x_hd.o ABSOLUTE
    __Vectors                                0x08000000   Data           4  startup_stm32f10x_hd.o(RESET)
    __Vectors_End                            0x08000130   Data           0  startup_stm32f10x_hd.o(RESET)
    __main                                   0x08000131   Thumb Code     8  __main.o(!!!main)
    __scatterload                            0x08000139   Thumb Code     0  __scatter.o(!!!scatter)
    __scatterload_rt2                        0x08000139   Thumb Code    44  __scatter.o(!!!scatter)
    __scatterload_rt2_thumb_only             0x08000139   Thumb Code     0  __scatter.o(!!!scatter)
    __scatterload_null                       0x08000147   Thumb Code     0  __scatter.o(!!!scatter)
    __decompress                             0x0800016d   Thumb Code    90  __dczerorl2.o(!!dczerorl2)
    __decompress1                            0x0800016d   Thumb Code     0  __dczerorl2.o(!!dczerorl2)
    __scatterload_zeroinit                   0x080001c9   Thumb Code    28  __scatter_zi.o(!!handler_zi)
    _printf_d                                0x080001e5   Thumb Code     0  _printf_d.o(.ARM.Collect$$_printf_percent$$00000009)
    _printf_percent                          0x080001e5   Thumb Code     0  _printf_percent.o(.ARM.Collect$$_printf_percent$$00000000)
    _printf_u                                0x080001eb   Thumb Code     0  _printf_u.o(.ARM.Collect$$_printf_percent$$0000000A)
    _printf_x                                0x080001f1   Thumb Code     0  _printf_x.o(.ARM.Collect$$_printf_percent$$0000000C)
    _printf_c                                0x080001f7   Thumb Code     0  _printf_c.o(.ARM.Collect$$_printf_percent$$00000013)
    _printf_s                                0x080001fd   Thumb Code     0  _printf_s.o(.ARM.Collect$$_printf_percent$$00000014)
    _printf_percent_end                      0x08000203   Thumb Code     0  _printf_percent_end.o(.ARM.Collect$$_printf_percent$$00000017)
    __rt_lib_init                            0x08000207   Thumb Code     0  libinit.o(.ARM.Collect$$libinit$$00000000)
    __rt_lib_init_alloca_1                   0x08000209   Thumb Code     0  libinit2.o(.ARM.Collect$$libinit$$0000002E)
    __rt_lib_init_argv_1                     0x08000209   Thumb Code     0  libinit2.o(.ARM.Collect$$libinit$$0000002C)
    __rt_lib_init_atexit_1                   0x08000209   Thumb Code     0  libinit2.o(.ARM.Collect$$libinit$$0000001B)
    __rt_lib_init_clock_1                    0x08000209   Thumb Code     0  libinit2.o(.ARM.Collect$$libinit$$00000021)
    __rt_lib_init_cpp_1                      0x08000209   Thumb Code     0  libinit2.o(.ARM.Collect$$libinit$$00000032)
    __rt_lib_init_exceptions_1               0x08000209   Thumb Code     0  libinit2.o(.ARM.Collect$$libinit$$00000030)
    __rt_lib_init_fp_1                       0x08000209   Thumb Code     0  libinit2.o(.ARM.Collect$$libinit$$00000002)
    __rt_lib_init_fp_trap_1                  0x08000209   Thumb Code     0  libinit2.o(.ARM.Collect$$libinit$$0000001F)
    __rt_lib_init_getenv_1                   0x08000209   Thumb Code     0  libinit2.o(.ARM.Collect$$libinit$$00000023)
    __rt_lib_init_heap_1                     0x08000209   Thumb Code     0  libinit2.o(.ARM.Collect$$libinit$$0000000A)
    __rt_lib_init_lc_collate_1               0x08000209   Thumb Code     0  libinit2.o(.ARM.Collect$$libinit$$00000011)
    __rt_lib_init_lc_ctype_1                 0x08000209   Thumb Code     0  libinit2.o(.ARM.Collect$$libinit$$00000013)
    __rt_lib_init_lc_monetary_1              0x08000209   Thumb Code     0  libinit2.o(.ARM.Collect$$libinit$$00000015)
    __rt_lib_init_lc_numeric_1               0x08000209   Thumb Code     0  libinit2.o(.ARM.Collect$$libinit$$00000017)
    __rt_lib_init_lc_time_1                  0x08000209   Thumb Code     0  libinit2.o(.ARM.Collect$$libinit$$00000019)
    __rt_lib_init_preinit_1                  0x08000209   Thumb Code     0  libinit2.o(.ARM.Collect$$libinit$$00000004)
    __rt_lib_init_rand_1                     0x08000209   Thumb Code     0  libinit2.o(.ARM.Collect$$libinit$$0000000E)
    __rt_lib_init_return                     0x08000209   Thumb Code     0  libinit2.o(.ARM.Collect$$libinit$$00000033)
    __rt_lib_init_signal_1                   0x08000209   Thumb Code     0  libinit2.o(.ARM.Collect$$libinit$$0000001D)
    __rt_lib_init_stdio_1                    0x08000209   Thumb Code     0  libinit2.o(.ARM.Collect$$libinit$$00000025)
    __rt_lib_init_user_alloc_1               0x08000209   Thumb Code     0  libinit2.o(.ARM.Collect$$libinit$$0000000C)
    __rt_lib_shutdown                        0x0800020b   Thumb Code     0  libshutdown.o(.ARM.Collect$$libshutdown$$00000000)
    __rt_lib_shutdown_cpp_1                  0x0800020d   Thumb Code     0  libshutdown2.o(.ARM.Collect$$libshutdown$$00000002)
    __rt_lib_shutdown_fp_trap_1              0x0800020d   Thumb Code     0  libshutdown2.o(.ARM.Collect$$libshutdown$$00000007)
    __rt_lib_shutdown_heap_1                 0x0800020d   Thumb Code     0  libshutdown2.o(.ARM.Collect$$libshutdown$$0000000F)
    __rt_lib_shutdown_return                 0x0800020d   Thumb Code     0  libshutdown2.o(.ARM.Collect$$libshutdown$$00000010)
    __rt_lib_shutdown_signal_1               0x0800020d   Thumb Code     0  libshutdown2.o(.ARM.Collect$$libshutdown$$0000000A)
    __rt_lib_shutdown_stdio_1                0x0800020d   Thumb Code     0  libshutdown2.o(.ARM.Collect$$libshutdown$$00000004)
    __rt_lib_shutdown_user_alloc_1           0x0800020d   Thumb Code     0  libshutdown2.o(.ARM.Collect$$libshutdown$$0000000C)
    __rt_entry                               0x0800020f   Thumb Code     0  __rtentry.o(.ARM.Collect$$rtentry$$00000000)
    __rt_entry_presh_1                       0x0800020f   Thumb Code     0  __rtentry2.o(.ARM.Collect$$rtentry$$00000002)
    __rt_entry_sh                            0x0800020f   Thumb Code     0  __rtentry4.o(.ARM.Collect$$rtentry$$00000004)
    __rt_entry_li                            0x08000215   Thumb Code     0  __rtentry2.o(.ARM.Collect$$rtentry$$0000000A)
    __rt_entry_postsh_1                      0x08000215   Thumb Code     0  __rtentry2.o(.ARM.Collect$$rtentry$$00000009)
    __rt_entry_main                          0x08000219   Thumb Code     0  __rtentry2.o(.ARM.Collect$$rtentry$$0000000D)
    __rt_entry_postli_1                      0x08000219   Thumb Code     0  __rtentry2.o(.ARM.Collect$$rtentry$$0000000C)
    __rt_exit                                0x08000221   Thumb Code     0  rtexit.o(.ARM.Collect$$rtexit$$00000000)
    __rt_exit_ls                             0x08000223   Thumb Code     0  rtexit2.o(.ARM.Collect$$rtexit$$00000003)
    __rt_exit_prels_1                        0x08000223   Thumb Code     0  rtexit2.o(.ARM.Collect$$rtexit$$00000002)
    __rt_exit_exit                           0x08000227   Thumb Code     0  rtexit2.o(.ARM.Collect$$rtexit$$00000004)
    Reset_Handler                            0x0800022d   Thumb Code     8  startup_stm32f10x_hd.o(.text)
    ADC1_2_IRQHandler                        0x08000247   Thumb Code     0  startup_stm32f10x_hd.o(.text)
    ADC3_IRQHandler                          0x08000247   Thumb Code     0  startup_stm32f10x_hd.o(.text)
    CAN1_RX1_IRQHandler                      0x08000247   Thumb Code     0  startup_stm32f10x_hd.o(.text)
    CAN1_SCE_IRQHandler                      0x08000247   Thumb Code     0  startup_stm32f10x_hd.o(.text)
    DMA1_Channel1_IRQHandler                 0x08000247   Thumb Code     0  startup_stm32f10x_hd.o(.text)
    DMA1_Channel2_IRQHandler                 0x08000247   Thumb Code     0  startup_stm32f10x_hd.o(.text)
    DMA1_Channel3_IRQHandler                 0x08000247   Thumb Code     0  startup_stm32f10x_hd.o(.text)
    DMA1_Channel4_IRQHandler                 0x08000247   Thumb Code     0  startup_stm32f10x_hd.o(.text)
    DMA1_Channel5_IRQHandler                 0x08000247   Thumb Code     0  startup_stm32f10x_hd.o(.text)
    DMA1_Channel6_IRQHandler                 0x08000247   Thumb Code     0  startup_stm32f10x_hd.o(.text)
    DMA1_Channel7_IRQHandler                 0x08000247   Thumb Code     0  startup_stm32f10x_hd.o(.text)
    DMA2_Channel1_IRQHandler                 0x08000247   Thumb Code     0  startup_stm32f10x_hd.o(.text)
    DMA2_Channel2_IRQHandler                 0x08000247   Thumb Code     0  startup_stm32f10x_hd.o(.text)
    DMA2_Channel3_IRQHandler                 0x08000247   Thumb Code     0  startup_stm32f10x_hd.o(.text)
    DMA2_Channel4_5_IRQHandler               0x08000247   Thumb Code     0  startup_stm32f10x_hd.o(.text)
    EXTI15_10_IRQHandler                     0x08000247   Thumb Code     0  startup_stm32f10x_hd.o(.text)
    EXTI1_IRQHandler                         0x08000247   Thumb Code     0  startup_stm32f10x_hd.o(.text)
    EXTI2_IRQHandler                         0x08000247   Thumb Code     0  startup_stm32f10x_hd.o(.text)
    FLASH_IRQHandler                         0x08000247   Thumb Code     0  startup_stm32f10x_hd.o(.text)
    FSMC_IRQHandler                          0x08000247   Thumb Code     0  startup_stm32f10x_hd.o(.text)
    I2C1_ER_IRQHandler                       0x08000247   Thumb Code     0  startup_stm32f10x_hd.o(.text)
    I2C1_EV_IRQHandler                       0x08000247   Thumb Code     0  startup_stm32f10x_hd.o(.text)
    I2C2_ER_IRQHandler                       0x08000247   Thumb Code     0  startup_stm32f10x_hd.o(.text)
    I2C2_EV_IRQHandler                       0x08000247   Thumb Code     0  startup_stm32f10x_hd.o(.text)
    PVD_IRQHandler                           0x08000247   Thumb Code     0  startup_stm32f10x_hd.o(.text)
    RCC_IRQHandler                           0x08000247   Thumb Code     0  startup_stm32f10x_hd.o(.text)
    RTCAlarm_IRQHandler                      0x08000247   Thumb Code     0  startup_stm32f10x_hd.o(.text)
    RTC_IRQHandler                           0x08000247   Thumb Code     0  startup_stm32f10x_hd.o(.text)
    SDIO_IRQHandler                          0x08000247   Thumb Code     0  startup_stm32f10x_hd.o(.text)
    SPI1_IRQHandler                          0x08000247   Thumb Code     0  startup_stm32f10x_hd.o(.text)
    SPI2_IRQHandler                          0x08000247   Thumb Code     0  startup_stm32f10x_hd.o(.text)
    SPI3_IRQHandler                          0x08000247   Thumb Code     0  startup_stm32f10x_hd.o(.text)
    TAMPER_IRQHandler                        0x08000247   Thumb Code     0  startup_stm32f10x_hd.o(.text)
    TIM1_BRK_IRQHandler                      0x08000247   Thumb Code     0  startup_stm32f10x_hd.o(.text)
    TIM1_CC_IRQHandler                       0x08000247   Thumb Code     0  startup_stm32f10x_hd.o(.text)
    TIM1_TRG_COM_IRQHandler                  0x08000247   Thumb Code     0  startup_stm32f10x_hd.o(.text)
    TIM1_UP_IRQHandler                       0x08000247   Thumb Code     0  startup_stm32f10x_hd.o(.text)
    TIM2_IRQHandler                          0x08000247   Thumb Code     0  startup_stm32f10x_hd.o(.text)
    TIM7_IRQHandler                          0x08000247   Thumb Code     0  startup_stm32f10x_hd.o(.text)
    TIM8_BRK_IRQHandler                      0x08000247   Thumb Code     0  startup_stm32f10x_hd.o(.text)
    TIM8_CC_IRQHandler                       0x08000247   Thumb Code     0  startup_stm32f10x_hd.o(.text)
    TIM8_TRG_COM_IRQHandler                  0x08000247   Thumb Code     0  startup_stm32f10x_hd.o(.text)
    TIM8_UP_IRQHandler                       0x08000247   Thumb Code     0  startup_stm32f10x_hd.o(.text)
    UART4_IRQHandler                         0x08000247   Thumb Code     0  startup_stm32f10x_hd.o(.text)
    UART5_IRQHandler                         0x08000247   Thumb Code     0  startup_stm32f10x_hd.o(.text)
    USART2_IRQHandler                        0x08000247   Thumb Code     0  startup_stm32f10x_hd.o(.text)
    USART3_IRQHandler                        0x08000247   Thumb Code     0  startup_stm32f10x_hd.o(.text)
    USBWakeUp_IRQHandler                     0x08000247   Thumb Code     0  startup_stm32f10x_hd.o(.text)
    USB_HP_CAN1_TX_IRQHandler                0x08000247   Thumb Code     0  startup_stm32f10x_hd.o(.text)
    USB_LP_CAN1_RX0_IRQHandler               0x08000247   Thumb Code     0  startup_stm32f10x_hd.o(.text)
    WWDG_IRQHandler                          0x08000247   Thumb Code     0  startup_stm32f10x_hd.o(.text)
    __user_initial_stackheap                 0x08000249   Thumb Code     0  startup_stm32f10x_hd.o(.text)
    __use_no_semihosting                     0x08000269   Thumb Code     2  use_no_semi_2.o(.text)
    __2printf                                0x0800026d   Thumb Code    20  noretval__2printf.o(.text)
    __2sprintf                               0x08000285   Thumb Code    34  noretval__2sprintf.o(.text)
    _printf_pre_padding                      0x080002ad   Thumb Code    44  _printf_pad.o(.text)
    _printf_post_padding                     0x080002d9   Thumb Code    34  _printf_pad.o(.text)
    _printf_str                              0x080002fb   Thumb Code    82  _printf_str.o(.text)
    _printf_int_dec                          0x0800034d   Thumb Code   104  _printf_dec.o(.text)
    _printf_int_hex                          0x080003c5   Thumb Code    84  _printf_hex_int.o(.text)
    _printf_longlong_hex                     0x080003c5   Thumb Code     0  _printf_hex_int.o(.text)
    __printf                                 0x0800041d   Thumb Code   388  __printf_flags_ss_wp.o(.text)
    __use_two_region_memory                  0x080005a5   Thumb Code     2  heapauxi.o(.text)
    __rt_heap_escrow$2region                 0x080005a7   Thumb Code     2  heapauxi.o(.text)
    __rt_heap_expand$2region                 0x080005a9   Thumb Code     2  heapauxi.o(.text)
    __I$use$semihosting                      0x080005ab   Thumb Code     0  use_no_semi.o(.text)
    __use_no_semihosting_swi                 0x080005ab   Thumb Code     2  use_no_semi.o(.text)
    _printf_int_common                       0x080005ad   Thumb Code   178  _printf_intcommon.o(.text)
    _printf_char_common                      0x0800066b   Thumb Code    32  _printf_char_common.o(.text)
    _sputc                                   0x08000691   Thumb Code    10  _sputc.o(.text)
    _printf_cs_common                        0x0800069b   Thumb Code    20  _printf_char.o(.text)
    _printf_char                             0x080006af   Thumb Code    16  _printf_char.o(.text)
    _printf_string                           0x080006bf   Thumb Code     8  _printf_char.o(.text)
    _printf_char_file                        0x080006c9   Thumb Code    32  _printf_char_file.o(.text)
    ferror                                   0x080006ed   Thumb Code     8  ferror.o(.text)
    __user_setup_stackheap                   0x080006f5   Thumb Code    74  sys_stackheap_outer.o(.text)
    exit                                     0x0800073f   Thumb Code    18  exit.o(.text)
    __user_libspace                          0x08000751   Thumb Code     8  libspace.o(.text)
    __user_perproc_libspace                  0x08000751   Thumb Code     0  libspace.o(.text)
    __user_perthread_libspace                0x08000751   Thumb Code     0  libspace.o(.text)
    BusFault_Handler                         0x08000759   Thumb Code     2  stm32f10x_it.o(i.BusFault_Handler)
    DebugMon_Handler                         0x0800075b   Thumb Code     2  stm32f10x_it.o(i.DebugMon_Handler)
    EXTI0_IRQHandler                         0x0800075d   Thumb Code    48  exti.o(i.EXTI0_IRQHandler)
    EXTI3_IRQHandler                         0x08000795   Thumb Code    46  exti.o(i.EXTI3_IRQHandler)
    EXTI4_IRQHandler                         0x080007cd   Thumb Code    46  exti.o(i.EXTI4_IRQHandler)
    EXTI8_Init                               0x08000805   Thumb Code    66  exti.o(i.EXTI8_Init)
    EXTI9_5_IRQHandler                       0x08000849   Thumb Code    54  exti.o(i.EXTI9_5_IRQHandler)
    EXTI_ClearITPendingBit                   0x0800088d   Thumb Code     6  stm32f10x_exti.o(i.EXTI_ClearITPendingBit)
    EXTI_GetITStatus                         0x08000899   Thumb Code    28  stm32f10x_exti.o(i.EXTI_GetITStatus)
    EXTI_Init                                0x080008b9   Thumb Code   108  stm32f10x_exti.o(i.EXTI_Init)
    FSMC_NORSRAMCmd                          0x08000929   Thumb Code    26  stm32f10x_fsmc.o(i.FSMC_NORSRAMCmd)
    FSMC_NORSRAMInit                         0x08000949   Thumb Code   200  stm32f10x_fsmc.o(i.FSMC_NORSRAMInit)
    GPIO_EXTILineConfig                      0x08000a11   Thumb Code    34  stm32f10x_gpio.o(i.GPIO_EXTILineConfig)
    GPIO_Init                                0x08000a39   Thumb Code   156  stm32f10x_gpio.o(i.GPIO_Init)
    GPIO_PinRemapConfig                      0x08000ad5   Thumb Code    82  stm32f10x_gpio.o(i.GPIO_PinRemapConfig)
    GPIO_ReadInputDataBit                    0x08000b2d   Thumb Code    14  stm32f10x_gpio.o(i.GPIO_ReadInputDataBit)
    GPIO_ResetBits                           0x08000b3b   Thumb Code     4  stm32f10x_gpio.o(i.GPIO_ResetBits)
    GPIO_SetBits                             0x08000b3f   Thumb Code     4  stm32f10x_gpio.o(i.GPIO_SetBits)
    HardFault_Handler                        0x08000b43   Thumb Code     2  stm32f10x_it.o(i.HardFault_Handler)
    KEY_Init                                 0x08000b45   Thumb Code    52  key.o(i.KEY_Init)
    KEY_Scan                                 0x08000b81   Thumb Code   154  key.o(i.KEY_Scan)
    LCD_Clear                                0x08000c29   Thumb Code   100  lcd.o(i.LCD_Clear)
    LCD_Display_Dir                          0x08000c95   Thumb Code   304  lcd.o(i.LCD_Display_Dir)
    LCD_Fast_DrawPoint                       0x08000dc9   Thumb Code   278  lcd.o(i.LCD_Fast_DrawPoint)
    LCD_Fill                                 0x08000ee9   Thumb Code   132  lcd.o(i.LCD_Fill)
    LCD_Init                                 0x08000f75   Thumb Code 11816  lcd.o(i.LCD_Init)
    LCD_RD_DATA                              0x08003da1   Thumb Code    16  lcd.o(i.LCD_RD_DATA)
    LCD_ReadReg                              0x08003db5   Thumb Code    20  lcd.o(i.LCD_ReadReg)
    LCD_SSD_BackLightSet                     0x08003dcd   Thumb Code    50  lcd.o(i.LCD_SSD_BackLightSet)
    LCD_Scan_Dir                             0x08003e09   Thumb Code   414  lcd.o(i.LCD_Scan_Dir)
    LCD_SetCursor                            0x08003fb1   Thumb Code   320  lcd.o(i.LCD_SetCursor)
    LCD_Set_Window                           0x080040f9   Thumb Code   370  lcd.o(i.LCD_Set_Window)
    LCD_ShowChar                             0x08004275   Thumb Code   182  lcd.o(i.LCD_ShowChar)
    LCD_ShowString                           0x08004341   Thumb Code    84  lcd.o(i.LCD_ShowString)
    LCD_WriteRAM_Prepare                     0x08004395   Thumb Code    10  lcd.o(i.LCD_WriteRAM_Prepare)
    LCD_WriteReg                             0x080043a9   Thumb Code    10  lcd.o(i.LCD_WriteReg)
    LED_Init                                 0x080043b9   Thumb Code    70  led.o(i.LED_Init)
    MemManage_Handler                        0x08004409   Thumb Code     2  stm32f10x_it.o(i.MemManage_Handler)
    NMI_Handler                              0x0800440b   Thumb Code     2  stm32f10x_it.o(i.NMI_Handler)
    NVIC_Init                                0x0800440d   Thumb Code    94  misc.o(i.NVIC_Init)
    NVIC_PriorityGroupConfig                 0x08004471   Thumb Code    10  misc.o(i.NVIC_PriorityGroupConfig)
    OV7670_Brightness                        0x08004485   Thumb Code    38  ov7670.o(i.OV7670_Brightness)
    OV7670_Color_Saturation                  0x080044ab   Thumb Code   114  ov7670.o(i.OV7670_Color_Saturation)
    OV7670_Contrast                          0x0800451d   Thumb Code    38  ov7670.o(i.OV7670_Contrast)
    OV7670_Init                              0x08004545   Thumb Code   242  ov7670.o(i.OV7670_Init)
    OV7670_Light_Mode                        0x08004655   Thumb Code   126  ov7670.o(i.OV7670_Light_Mode)
    OV7670_Special_Effects                   0x080046d3   Thumb Code   128  ov7670.o(i.OV7670_Special_Effects)
    OV7670_Window_Set                        0x08004753   Thumb Code   110  ov7670.o(i.OV7670_Window_Set)
    OV7670_camera_refresh                    0x080047c1   Thumb Code   230  main.o(i.OV7670_camera_refresh)
    OV7725_Brightness                        0x080048c5   Thumb Code    78  ov7725.o(i.OV7725_Brightness)
    OV7725_Color_Saturation                  0x08004913   Thumb Code    34  ov7725.o(i.OV7725_Color_Saturation)
    OV7725_Contrast                          0x08004935   Thumb Code    22  ov7725.o(i.OV7725_Contrast)
    OV7725_Init                              0x0800494d   Thumb Code   296  ov7725.o(i.OV7725_Init)
    OV7725_Light_Mode                        0x08004aa9   Thumb Code   152  ov7725.o(i.OV7725_Light_Mode)
    OV7725_Special_Effects                   0x08004b41   Thumb Code   138  ov7725.o(i.OV7725_Special_Effects)
    OV7725_Window_Set                        0x08004bcb   Thumb Code   326  ov7725.o(i.OV7725_Window_Set)
    OV7725_camera_refresh                    0x08004d11   Thumb Code   224  main.o(i.OV7725_camera_refresh)
    PendSV_Handler                           0x08004e0d   Thumb Code     2  stm32f10x_it.o(i.PendSV_Handler)
    RCC_AHBPeriphClockCmd                    0x08004e11   Thumb Code    18  stm32f10x_rcc.o(i.RCC_AHBPeriphClockCmd)
    RCC_APB1PeriphClockCmd                   0x08004e29   Thumb Code    18  stm32f10x_rcc.o(i.RCC_APB1PeriphClockCmd)
    RCC_APB2PeriphClockCmd                   0x08004e41   Thumb Code    18  stm32f10x_rcc.o(i.RCC_APB2PeriphClockCmd)
    RCC_GetClocksFreq                        0x08004e59   Thumb Code   132  stm32f10x_rcc.o(i.RCC_GetClocksFreq)
    SCCB_Init                                0x08004eed   Thumb Code    98  sccb.o(i.SCCB_Init)
    SCCB_No_Ack                              0x08004f59   Thumb Code    58  sccb.o(i.SCCB_No_Ack)
    SCCB_RD_Byte                             0x08004f9d   Thumb Code   102  sccb.o(i.SCCB_RD_Byte)
    SCCB_RD_Reg                              0x08005011   Thumb Code    76  sccb.o(i.SCCB_RD_Reg)
    SCCB_Start                               0x0800505d   Thumb Code    44  sccb.o(i.SCCB_Start)
    SCCB_Stop                                0x08005091   Thumb Code    46  sccb.o(i.SCCB_Stop)
    SCCB_WR_Byte                             0x080050c9   Thumb Code   130  sccb.o(i.SCCB_WR_Byte)
    SCCB_WR_Reg                              0x08005159   Thumb Code    62  sccb.o(i.SCCB_WR_Reg)
    SVC_Handler                              0x08005197   Thumb Code     2  stm32f10x_it.o(i.SVC_Handler)
    SysTick_CLKSourceConfig                  0x08005241   Thumb Code    24  misc.o(i.SysTick_CLKSourceConfig)
    SysTick_Handler                          0x08005259   Thumb Code     2  stm32f10x_it.o(i.SysTick_Handler)
    SystemInit                               0x0800525d   Thumb Code    64  system_stm32f10x.o(i.SystemInit)
    TIM3_IRQHandler                          0x08005395   Thumb Code    44  timer.o(i.TIM3_IRQHandler)
    TIM4_IRQHandler                          0x080053c9   Thumb Code    50  usmart.o(i.TIM4_IRQHandler)
    TIM5_CH2_Cap_Init                        0x08005405   Thumb Code   120  tpad.o(i.TIM5_CH2_Cap_Init)
    TIM5_IRQHandler                          0x08005485   Thumb Code   128  timer.o(i.TIM5_IRQHandler)
    TIM6_IRQHandler                          0x0800550d   Thumb Code    40  timer.o(i.TIM6_IRQHandler)
    TIM6_Int_Init                            0x0800554d   Thumb Code    90  timer.o(i.TIM6_Int_Init)
    TIM_ClearFlag                            0x080055ad   Thumb Code     6  stm32f10x_tim.o(i.TIM_ClearFlag)
    TIM_ClearITPendingBit                    0x080055b3   Thumb Code     6  stm32f10x_tim.o(i.TIM_ClearITPendingBit)
    TIM_Cmd                                  0x080055b9   Thumb Code    20  stm32f10x_tim.o(i.TIM_Cmd)
    TIM_GetCapture1                          0x080055cd   Thumb Code     4  stm32f10x_tim.o(i.TIM_GetCapture1)
    TIM_GetCapture2                          0x080055d1   Thumb Code     4  stm32f10x_tim.o(i.TIM_GetCapture2)
    TIM_GetCounter                           0x080055d5   Thumb Code     4  stm32f10x_tim.o(i.TIM_GetCounter)
    TIM_GetFlagStatus                        0x080055d9   Thumb Code    14  stm32f10x_tim.o(i.TIM_GetFlagStatus)
    TIM_GetITStatus                          0x080055e7   Thumb Code    24  stm32f10x_tim.o(i.TIM_GetITStatus)
    TIM_ICInit                               0x08005601   Thumb Code   278  stm32f10x_tim.o(i.TIM_ICInit)
    TIM_ITConfig                             0x0800572d   Thumb Code    16  stm32f10x_tim.o(i.TIM_ITConfig)
    TIM_OC1PolarityConfig                    0x0800573d   Thumb Code    12  stm32f10x_tim.o(i.TIM_OC1PolarityConfig)
    TIM_SetAutoreload                        0x08005749   Thumb Code     4  stm32f10x_tim.o(i.TIM_SetAutoreload)
    TIM_SetCounter                           0x0800574d   Thumb Code     4  stm32f10x_tim.o(i.TIM_SetCounter)
    TIM_SetIC1Prescaler                      0x08005751   Thumb Code    16  stm32f10x_tim.o(i.TIM_SetIC1Prescaler)
    TIM_SetIC2Prescaler                      0x08005761   Thumb Code    24  stm32f10x_tim.o(i.TIM_SetIC2Prescaler)
    TIM_SetIC3Prescaler                      0x08005779   Thumb Code    16  stm32f10x_tim.o(i.TIM_SetIC3Prescaler)
    TIM_SetIC4Prescaler                      0x08005789   Thumb Code    24  stm32f10x_tim.o(i.TIM_SetIC4Prescaler)
    TIM_TimeBaseInit                         0x080057a1   Thumb Code   114  stm32f10x_tim.o(i.TIM_TimeBaseInit)
    TPAD_Get_MaxVal                          0x0800583d   Thumb Code    28  tpad.o(i.TPAD_Get_MaxVal)
    TPAD_Get_Val                             0x08005859   Thumb Code    54  tpad.o(i.TPAD_Get_Val)
    TPAD_Init                                0x08005895   Thumb Code   140  tpad.o(i.TPAD_Init)
    TPAD_Reset                               0x0800593d   Thumb Code    86  tpad.o(i.TPAD_Reset)
    TPAD_Scan                                0x0800599d   Thumb Code    58  tpad.o(i.TPAD_Scan)
    Timer4_Init                              0x080059dd   Thumb Code    90  usmart.o(i.Timer4_Init)
    USART1_IRQHandler                        0x08005a3d   Thumb Code    88  usart.o(i.USART1_IRQHandler)
    USART_Cmd                                0x08005aa1   Thumb Code    20  stm32f10x_usart.o(i.USART_Cmd)
    USART_GetITStatus                        0x08005ab5   Thumb Code    62  stm32f10x_usart.o(i.USART_GetITStatus)
    USART_ITConfig                           0x08005af3   Thumb Code    48  stm32f10x_usart.o(i.USART_ITConfig)
    USART_Init                               0x08005b25   Thumb Code   166  stm32f10x_usart.o(i.USART_Init)
    USART_ReceiveData                        0x08005bd1   Thumb Code     8  stm32f10x_usart.o(i.USART_ReceiveData)
    UsageFault_Handler                       0x08005bd9   Thumb Code     2  stm32f10x_it.o(i.UsageFault_Handler)
    _is_digit                                0x08005bdb   Thumb Code    14  __printf_wp.o(i._is_digit)
    _sys_exit                                0x08005be9   Thumb Code     2  usart.o(i._sys_exit)
    delay_init                               0x08005bed   Thumb Code    46  delay.o(i.delay_init)
    delay_ms                                 0x08005c29   Thumb Code    46  delay.o(i.delay_ms)
    delay_us                                 0x08005c5d   Thumb Code    46  delay.o(i.delay_us)
    fputc                                    0x08005c91   Thumb Code    18  usart.o(i.fputc)
    main                                     0x08005ca9   Thumb Code   966  main.o(i.main)
    read_addr                                0x080061a1   Thumb Code     4  usmart.o(i.read_addr)
    uart_init                                0x080061a5   Thumb Code   152  usart.o(i.uart_init)
    usmart_cmd_rec                           0x08006245   Thumb Code   144  usmart.o(i.usmart_cmd_rec)
    usmart_exe                               0x080062d9   Thumb Code   510  usmart.o(i.usmart_exe)
    usmart_get_aparm                         0x08006539   Thumb Code   156  usmart_str.o(i.usmart_get_aparm)
    usmart_get_cmdname                       0x080065d5   Thumb Code    46  usmart_str.o(i.usmart_get_cmdname)
    usmart_get_fname                         0x08006605   Thumb Code   352  usmart_str.o(i.usmart_get_fname)
    usmart_get_fparam                        0x0800676d   Thumb Code   202  usmart_str.o(i.usmart_get_fparam)
    usmart_get_parmpos                       0x0800683d   Thumb Code    30  usmart_str.o(i.usmart_get_parmpos)
    usmart_get_runtime                       0x08006861   Thumb Code    48  usmart.o(i.usmart_get_runtime)
    usmart_init                              0x08006899   Thumb Code    36  usmart.o(i.usmart_init)
    usmart_pow                               0x080068c1   Thumb Code    16  usmart_str.o(i.usmart_pow)
    usmart_reset_runtime                     0x080068d1   Thumb Code    40  usmart.o(i.usmart_reset_runtime)
    usmart_scan                              0x08006901   Thumb Code    94  usmart.o(i.usmart_scan)
    usmart_search_nextc                      0x080069a5   Thumb Code    16  usmart_str.o(i.usmart_search_nextc)
    usmart_str2num                           0x080069b5   Thumb Code   160  usmart_str.o(i.usmart_str2num)
    usmart_strcmp                            0x08006a55   Thumb Code    24  usmart_str.o(i.usmart_strcmp)
    usmart_strcopy                           0x08006a6d   Thumb Code    18  usmart_str.o(i.usmart_strcopy)
    usmart_strlen                            0x08006a7f   Thumb Code    18  usmart_str.o(i.usmart_strlen)
    usmart_sys_cmd_exe                       0x08006a91   Thumb Code  1442  usmart.o(i.usmart_sys_cmd_exe)
    write_addr                               0x08007101   Thumb Code     4  usmart.o(i.write_addr)
    __aeabi_d2uiz                            0x08007105   Thumb Code     0  dfixu.o(x$fpl$dfixu)
    _dfixu                                   0x08007105   Thumb Code    90  dfixu.o(x$fpl$dfixu)
    __aeabi_ui2d                             0x0800715f   Thumb Code     0  dflt_clz.o(x$fpl$dfltu)
    _dfltu                                   0x0800715f   Thumb Code    38  dflt_clz.o(x$fpl$dfltu)
    __aeabi_dmul                             0x08007185   Thumb Code     0  dmul.o(x$fpl$dmul)
    _dmul                                    0x08007185   Thumb Code   332  dmul.o(x$fpl$dmul)
    __fpl_dnaninf                            0x080072d9   Thumb Code   156  dnaninf.o(x$fpl$dnaninf)
    __fpl_dretinf                            0x08007375   Thumb Code    12  dretinf.o(x$fpl$dretinf)
    __I$use$fp                               0x08007380   Number         0  usenofp.o(x$fpl$usenofp)
    asc2_1206                                0x08007380   Data        1140  lcd.o(.constdata)
    asc2_1608                                0x080077f4   Data        1520  lcd.o(.constdata)
    asc2_2412                                0x08007de4   Data        3420  lcd.o(.constdata)
    ov7670_init_reg_tbl                      0x08008b40   Data         336  ov7670.o(.constdata)
    ov7725_init_reg_tb1                      0x08008c90   Data         130  ov7725.o(.constdata)
    Region$$Table$$Base                      0x08008ec0   Number         0  anon$$obj.o(Region$$Table)
    Region$$Table$$Limit                     0x08008ee0   Number         0  anon$$obj.o(Region$$Table)
    LMODE_TBL                                0x20000000   Data          24  main.o(.data)
    EFFECTS_TBL                              0x20000018   Data          28  main.o(.data)
    SystemCoreClock                          0x20000034   Data           4  system_stm32f10x.o(.data)
    AHBPrescTable                            0x20000038   Data          16  system_stm32f10x.o(.data)
    POINT_COLOR                              0x2000004a   Data           2  lcd.o(.data)
    BACK_COLOR                               0x2000004c   Data           2  lcd.o(.data)
    tpad_default_val                         0x20000050   Data           2  tpad.o(.data)
    ov_sta                                   0x20000052   Data           1  exti.o(.data)
    TIM5CH1_CAPTURE_STA                      0x20000054   Data           1  timer.o(.data)
    ov_frame                                 0x20000055   Data           1  timer.o(.data)
    TIM5CH1_CAPTURE_VAL                      0x20000056   Data           2  timer.o(.data)
    USART_RX_STA                             0x2000005c   Data           2  usart.o(.data)
    __stdout                                 0x20000060   Data           4  usart.o(.data)
    sys_cmd_tab                              0x20000078   Data          28  usmart.o(.data)
    usmart_nametab                           0x20000094   Data          56  usmart_config.o(.data)
    usmart_dev                               0x200000cc   Data         244  usmart_config.o(.data)
    lcddev                                   0x200001c0   Data          14  lcd.o(.bss)
    USART_RX_BUF                             0x200001ce   Data         200  usart.o(.bss)
    __libspace_start                         0x20000298   Data          96  libspace.o(.bss)
    __temporary_stack_top$libspace           0x200002f8   Data           0  libspace.o(.bss)



==============================================================================

Memory Map of the image

  Image Entry point : 0x08000131

  Load Region LR_IROM1 (Base: 0x08000000, Size: 0x000090a0, Max: 0x00080000, ABSOLUTE, COMPRESSED[0x00008f80])

    Execution Region ER_IROM1 (Exec base: 0x08000000, Load base: 0x08000000, Size: 0x00008ee0, Max: 0x00080000, ABSOLUTE)

    Exec Addr    Load Addr    Size         Type   Attr      Idx    E Section Name        Object

    0x08000000   0x08000000   0x00000130   Data   RO          894    RESET               startup_stm32f10x_hd.o
    0x08000130   0x08000130   0x00000008   Code   RO         2365  * !!!main             c_w.l(__main.o)
    0x08000138   0x08000138   0x00000034   Code   RO         2556    !!!scatter          c_w.l(__scatter.o)
    0x0800016c   0x0800016c   0x0000005a   Code   RO         2554    !!dczerorl2         c_w.l(__dczerorl2.o)
    0x080001c6   0x080001c6   0x00000002   PAD
    0x080001c8   0x080001c8   0x0000001c   Code   RO         2558    !!handler_zi        c_w.l(__scatter_zi.o)
    0x080001e4   0x080001e4   0x00000000   Code   RO         2362    .ARM.Collect$$_printf_percent$$00000000  c_w.l(_printf_percent.o)
    0x080001e4   0x080001e4   0x00000006   Code   RO         2360    .ARM.Collect$$_printf_percent$$00000009  c_w.l(_printf_d.o)
    0x080001ea   0x080001ea   0x00000006   Code   RO         2361    .ARM.Collect$$_printf_percent$$0000000A  c_w.l(_printf_u.o)
    0x080001f0   0x080001f0   0x00000006   Code   RO         2359    .ARM.Collect$$_printf_percent$$0000000C  c_w.l(_printf_x.o)
    0x080001f6   0x080001f6   0x00000006   Code   RO         2357    .ARM.Collect$$_printf_percent$$00000013  c_w.l(_printf_c.o)
    0x080001fc   0x080001fc   0x00000006   Code   RO         2358    .ARM.Collect$$_printf_percent$$00000014  c_w.l(_printf_s.o)
    0x08000202   0x08000202   0x00000004   Code   RO         2392    .ARM.Collect$$_printf_percent$$00000017  c_w.l(_printf_percent_end.o)
    0x08000206   0x08000206   0x00000002   Code   RO         2428    .ARM.Collect$$libinit$$00000000  c_w.l(libinit.o)
    0x08000208   0x08000208   0x00000000   Code   RO         2435    .ARM.Collect$$libinit$$00000002  c_w.l(libinit2.o)
    0x08000208   0x08000208   0x00000000   Code   RO         2437    .ARM.Collect$$libinit$$00000004  c_w.l(libinit2.o)
    0x08000208   0x08000208   0x00000000   Code   RO         2440    .ARM.Collect$$libinit$$0000000A  c_w.l(libinit2.o)
    0x08000208   0x08000208   0x00000000   Code   RO         2442    .ARM.Collect$$libinit$$0000000C  c_w.l(libinit2.o)
    0x08000208   0x08000208   0x00000000   Code   RO         2444    .ARM.Collect$$libinit$$0000000E  c_w.l(libinit2.o)
    0x08000208   0x08000208   0x00000000   Code   RO         2447    .ARM.Collect$$libinit$$00000011  c_w.l(libinit2.o)
    0x08000208   0x08000208   0x00000000   Code   RO         2449    .ARM.Collect$$libinit$$00000013  c_w.l(libinit2.o)
    0x08000208   0x08000208   0x00000000   Code   RO         2451    .ARM.Collect$$libinit$$00000015  c_w.l(libinit2.o)
    0x08000208   0x08000208   0x00000000   Code   RO         2453    .ARM.Collect$$libinit$$00000017  c_w.l(libinit2.o)
    0x08000208   0x08000208   0x00000000   Code   RO         2455    .ARM.Collect$$libinit$$00000019  c_w.l(libinit2.o)
    0x08000208   0x08000208   0x00000000   Code   RO         2457    .ARM.Collect$$libinit$$0000001B  c_w.l(libinit2.o)
    0x08000208   0x08000208   0x00000000   Code   RO         2459    .ARM.Collect$$libinit$$0000001D  c_w.l(libinit2.o)
    0x08000208   0x08000208   0x00000000   Code   RO         2461    .ARM.Collect$$libinit$$0000001F  c_w.l(libinit2.o)
    0x08000208   0x08000208   0x00000000   Code   RO         2463    .ARM.Collect$$libinit$$00000021  c_w.l(libinit2.o)
    0x08000208   0x08000208   0x00000000   Code   RO         2465    .ARM.Collect$$libinit$$00000023  c_w.l(libinit2.o)
    0x08000208   0x08000208   0x00000000   Code   RO         2467    .ARM.Collect$$libinit$$00000025  c_w.l(libinit2.o)
    0x08000208   0x08000208   0x00000000   Code   RO         2471    .ARM.Collect$$libinit$$0000002C  c_w.l(libinit2.o)
    0x08000208   0x08000208   0x00000000   Code   RO         2473    .ARM.Collect$$libinit$$0000002E  c_w.l(libinit2.o)
    0x08000208   0x08000208   0x00000000   Code   RO         2475    .ARM.Collect$$libinit$$00000030  c_w.l(libinit2.o)
    0x08000208   0x08000208   0x00000000   Code   RO         2477    .ARM.Collect$$libinit$$00000032  c_w.l(libinit2.o)
    0x08000208   0x08000208   0x00000002   Code   RO         2478    .ARM.Collect$$libinit$$00000033  c_w.l(libinit2.o)
    0x0800020a   0x0800020a   0x00000002   Code   RO         2496    .ARM.Collect$$libshutdown$$00000000  c_w.l(libshutdown.o)
    0x0800020c   0x0800020c   0x00000000   Code   RO         2506    .ARM.Collect$$libshutdown$$00000002  c_w.l(libshutdown2.o)
    0x0800020c   0x0800020c   0x00000000   Code   RO         2508    .ARM.Collect$$libshutdown$$00000004  c_w.l(libshutdown2.o)
    0x0800020c   0x0800020c   0x00000000   Code   RO         2511    .ARM.Collect$$libshutdown$$00000007  c_w.l(libshutdown2.o)
    0x0800020c   0x0800020c   0x00000000   Code   RO         2514    .ARM.Collect$$libshutdown$$0000000A  c_w.l(libshutdown2.o)
    0x0800020c   0x0800020c   0x00000000   Code   RO         2516    .ARM.Collect$$libshutdown$$0000000C  c_w.l(libshutdown2.o)
    0x0800020c   0x0800020c   0x00000000   Code   RO         2519    .ARM.Collect$$libshutdown$$0000000F  c_w.l(libshutdown2.o)
    0x0800020c   0x0800020c   0x00000002   Code   RO         2520    .ARM.Collect$$libshutdown$$00000010  c_w.l(libshutdown2.o)
    0x0800020e   0x0800020e   0x00000000   Code   RO         2381    .ARM.Collect$$rtentry$$00000000  c_w.l(__rtentry.o)
    0x0800020e   0x0800020e   0x00000000   Code   RO         2399    .ARM.Collect$$rtentry$$00000002  c_w.l(__rtentry2.o)
    0x0800020e   0x0800020e   0x00000006   Code   RO         2411    .ARM.Collect$$rtentry$$00000004  c_w.l(__rtentry4.o)
    0x08000214   0x08000214   0x00000000   Code   RO         2401    .ARM.Collect$$rtentry$$00000009  c_w.l(__rtentry2.o)
    0x08000214   0x08000214   0x00000004   Code   RO         2402    .ARM.Collect$$rtentry$$0000000A  c_w.l(__rtentry2.o)
    0x08000218   0x08000218   0x00000000   Code   RO         2404    .ARM.Collect$$rtentry$$0000000C  c_w.l(__rtentry2.o)
    0x08000218   0x08000218   0x00000008   Code   RO         2405    .ARM.Collect$$rtentry$$0000000D  c_w.l(__rtentry2.o)
    0x08000220   0x08000220   0x00000002   Code   RO         2432    .ARM.Collect$$rtexit$$00000000  c_w.l(rtexit.o)
    0x08000222   0x08000222   0x00000000   Code   RO         2480    .ARM.Collect$$rtexit$$00000002  c_w.l(rtexit2.o)
    0x08000222   0x08000222   0x00000004   Code   RO         2481    .ARM.Collect$$rtexit$$00000003  c_w.l(rtexit2.o)
    0x08000226   0x08000226   0x00000006   Code   RO         2482    .ARM.Collect$$rtexit$$00000004  c_w.l(rtexit2.o)
    0x0800022c   0x0800022c   0x0000003c   Code   RO          895    .text               startup_stm32f10x_hd.o
    0x08000268   0x08000268   0x00000002   Code   RO         2298    .text               c_w.l(use_no_semi_2.o)
    0x0800026a   0x0800026a   0x00000002   PAD
    0x0800026c   0x0800026c   0x00000018   Code   RO         2304    .text               c_w.l(noretval__2printf.o)
    0x08000284   0x08000284   0x00000028   Code   RO         2306    .text               c_w.l(noretval__2sprintf.o)
    0x080002ac   0x080002ac   0x0000004e   Code   RO         2310    .text               c_w.l(_printf_pad.o)
    0x080002fa   0x080002fa   0x00000052   Code   RO         2312    .text               c_w.l(_printf_str.o)
    0x0800034c   0x0800034c   0x00000078   Code   RO         2314    .text               c_w.l(_printf_dec.o)
    0x080003c4   0x080003c4   0x00000058   Code   RO         2319    .text               c_w.l(_printf_hex_int.o)
    0x0800041c   0x0800041c   0x00000188   Code   RO         2354    .text               c_w.l(__printf_flags_ss_wp.o)
    0x080005a4   0x080005a4   0x00000006   Code   RO         2363    .text               c_w.l(heapauxi.o)
    0x080005aa   0x080005aa   0x00000002   Code   RO         2379    .text               c_w.l(use_no_semi.o)
    0x080005ac   0x080005ac   0x000000b2   Code   RO         2382    .text               c_w.l(_printf_intcommon.o)
    0x0800065e   0x0800065e   0x00000002   PAD
    0x08000660   0x08000660   0x00000030   Code   RO         2384    .text               c_w.l(_printf_char_common.o)
    0x08000690   0x08000690   0x0000000a   Code   RO         2386    .text               c_w.l(_sputc.o)
    0x0800069a   0x0800069a   0x0000002c   Code   RO         2388    .text               c_w.l(_printf_char.o)
    0x080006c6   0x080006c6   0x00000002   PAD
    0x080006c8   0x080006c8   0x00000024   Code   RO         2390    .text               c_w.l(_printf_char_file.o)
    0x080006ec   0x080006ec   0x00000008   Code   RO         2415    .text               c_w.l(ferror.o)
    0x080006f4   0x080006f4   0x0000004a   Code   RO         2419    .text               c_w.l(sys_stackheap_outer.o)
    0x0800073e   0x0800073e   0x00000012   Code   RO         2421    .text               c_w.l(exit.o)
    0x08000750   0x08000750   0x00000008   Code   RO         2429    .text               c_w.l(libspace.o)
    0x08000758   0x08000758   0x00000002   Code   RO          126    i.BusFault_Handler  stm32f10x_it.o
    0x0800075a   0x0800075a   0x00000002   Code   RO          127    i.DebugMon_Handler  stm32f10x_it.o
    0x0800075c   0x0800075c   0x00000038   Code   RO          515    i.EXTI0_IRQHandler  exti.o
    0x08000794   0x08000794   0x00000038   Code   RO          516    i.EXTI3_IRQHandler  exti.o
    0x080007cc   0x080007cc   0x00000038   Code   RO          517    i.EXTI4_IRQHandler  exti.o
    0x08000804   0x08000804   0x00000042   Code   RO          518    i.EXTI8_Init        exti.o
    0x08000846   0x08000846   0x00000002   PAD
    0x08000848   0x08000848   0x00000044   Code   RO          519    i.EXTI9_5_IRQHandler  exti.o
    0x0800088c   0x0800088c   0x0000000c   Code   RO         1550    i.EXTI_ClearITPendingBit  stm32f10x_exti.o
    0x08000898   0x08000898   0x00000020   Code   RO         1554    i.EXTI_GetITStatus  stm32f10x_exti.o
    0x080008b8   0x080008b8   0x00000070   Code   RO         1555    i.EXTI_Init         stm32f10x_exti.o
    0x08000928   0x08000928   0x00000020   Code   RO          946    i.FSMC_NORSRAMCmd   stm32f10x_fsmc.o
    0x08000948   0x08000948   0x000000c8   Code   RO          948    i.FSMC_NORSRAMInit  stm32f10x_fsmc.o
    0x08000a10   0x08000a10   0x00000028   Code   RO         1058    i.GPIO_EXTILineConfig  stm32f10x_gpio.o
    0x08000a38   0x08000a38   0x0000009c   Code   RO         1061    i.GPIO_Init         stm32f10x_gpio.o
    0x08000ad4   0x08000ad4   0x00000058   Code   RO         1063    i.GPIO_PinRemapConfig  stm32f10x_gpio.o
    0x08000b2c   0x08000b2c   0x0000000e   Code   RO         1065    i.GPIO_ReadInputDataBit  stm32f10x_gpio.o
    0x08000b3a   0x08000b3a   0x00000004   Code   RO         1068    i.GPIO_ResetBits    stm32f10x_gpio.o
    0x08000b3e   0x08000b3e   0x00000004   Code   RO         1069    i.GPIO_SetBits      stm32f10x_gpio.o
    0x08000b42   0x08000b42   0x00000002   Code   RO          128    i.HardFault_Handler  stm32f10x_it.o
    0x08000b44   0x08000b44   0x0000003c   Code   RO          250    i.KEY_Init          key.o
    0x08000b80   0x08000b80   0x000000a8   Code   RO          251    i.KEY_Scan          key.o
    0x08000c28   0x08000c28   0x0000006c   Code   RO          270    i.LCD_Clear         lcd.o
    0x08000c94   0x08000c94   0x00000134   Code   RO          274    i.LCD_Display_Dir   lcd.o
    0x08000dc8   0x08000dc8   0x00000120   Code   RO          279    i.LCD_Fast_DrawPoint  lcd.o
    0x08000ee8   0x08000ee8   0x0000008c   Code   RO          280    i.LCD_Fill          lcd.o
    0x08000f74   0x08000f74   0x00002e2c   Code   RO          281    i.LCD_Init          lcd.o
    0x08003da0   0x08003da0   0x00000014   Code   RO          283    i.LCD_RD_DATA       lcd.o
    0x08003db4   0x08003db4   0x00000018   Code   RO          285    i.LCD_ReadReg       lcd.o
    0x08003dcc   0x08003dcc   0x0000003c   Code   RO          286    i.LCD_SSD_BackLightSet  lcd.o
    0x08003e08   0x08003e08   0x000001a8   Code   RO          287    i.LCD_Scan_Dir      lcd.o
    0x08003fb0   0x08003fb0   0x00000148   Code   RO          288    i.LCD_SetCursor     lcd.o
    0x080040f8   0x080040f8   0x0000017c   Code   RO          289    i.LCD_Set_Window    lcd.o
    0x08004274   0x08004274   0x000000cc   Code   RO          290    i.LCD_ShowChar      lcd.o
    0x08004340   0x08004340   0x00000054   Code   RO          292    i.LCD_ShowString    lcd.o
    0x08004394   0x08004394   0x00000014   Code   RO          297    i.LCD_WriteRAM_Prepare  lcd.o
    0x080043a8   0x080043a8   0x00000010   Code   RO          298    i.LCD_WriteReg      lcd.o
    0x080043b8   0x080043b8   0x00000050   Code   RO          238    i.LED_Init          led.o
    0x08004408   0x08004408   0x00000002   Code   RO          129    i.MemManage_Handler  stm32f10x_it.o
    0x0800440a   0x0800440a   0x00000002   Code   RO          130    i.NMI_Handler       stm32f10x_it.o
    0x0800440c   0x0800440c   0x00000064   Code   RO          899    i.NVIC_Init         misc.o
    0x08004470   0x08004470   0x00000014   Code   RO          900    i.NVIC_PriorityGroupConfig  misc.o
    0x08004484   0x08004484   0x00000026   Code   RO          674    i.OV7670_Brightness  ov7670.o
    0x080044aa   0x080044aa   0x00000072   Code   RO          675    i.OV7670_Color_Saturation  ov7670.o
    0x0800451c   0x0800451c   0x00000026   Code   RO          676    i.OV7670_Contrast   ov7670.o
    0x08004542   0x08004542   0x00000002   PAD
    0x08004544   0x08004544   0x00000110   Code   RO          677    i.OV7670_Init       ov7670.o
    0x08004654   0x08004654   0x0000007e   Code   RO          678    i.OV7670_Light_Mode  ov7670.o
    0x080046d2   0x080046d2   0x00000080   Code   RO          679    i.OV7670_Special_Effects  ov7670.o
    0x08004752   0x08004752   0x0000006e   Code   RO          680    i.OV7670_Window_Set  ov7670.o
    0x080047c0   0x080047c0   0x00000104   Code   RO            1    i.OV7670_camera_refresh  main.o
    0x080048c4   0x080048c4   0x0000004e   Code   RO          728    i.OV7725_Brightness  ov7725.o
    0x08004912   0x08004912   0x00000022   Code   RO          729    i.OV7725_Color_Saturation  ov7725.o
    0x08004934   0x08004934   0x00000016   Code   RO          730    i.OV7725_Contrast   ov7725.o
    0x0800494a   0x0800494a   0x00000002   PAD
    0x0800494c   0x0800494c   0x0000015c   Code   RO          731    i.OV7725_Init       ov7725.o
    0x08004aa8   0x08004aa8   0x00000098   Code   RO          732    i.OV7725_Light_Mode  ov7725.o
    0x08004b40   0x08004b40   0x0000008a   Code   RO          733    i.OV7725_Special_Effects  ov7725.o
    0x08004bca   0x08004bca   0x00000146   Code   RO          734    i.OV7725_Window_Set  ov7725.o
    0x08004d10   0x08004d10   0x000000fc   Code   RO            2    i.OV7725_camera_refresh  main.o
    0x08004e0c   0x08004e0c   0x00000002   Code   RO          131    i.PendSV_Handler    stm32f10x_it.o
    0x08004e0e   0x08004e0e   0x00000002   PAD
    0x08004e10   0x08004e10   0x00000018   Code   RO         1170    i.RCC_AHBPeriphClockCmd  stm32f10x_rcc.o
    0x08004e28   0x08004e28   0x00000018   Code   RO         1171    i.RCC_APB1PeriphClockCmd  stm32f10x_rcc.o
    0x08004e40   0x08004e40   0x00000018   Code   RO         1173    i.RCC_APB2PeriphClockCmd  stm32f10x_rcc.o
    0x08004e58   0x08004e58   0x00000094   Code   RO         1181    i.RCC_GetClocksFreq  stm32f10x_rcc.o
    0x08004eec   0x08004eec   0x0000006c   Code   RO          621    i.SCCB_Init         sccb.o
    0x08004f58   0x08004f58   0x00000044   Code   RO          622    i.SCCB_No_Ack       sccb.o
    0x08004f9c   0x08004f9c   0x00000074   Code   RO          623    i.SCCB_RD_Byte      sccb.o
    0x08005010   0x08005010   0x0000004c   Code   RO          624    i.SCCB_RD_Reg       sccb.o
    0x0800505c   0x0800505c   0x00000034   Code   RO          625    i.SCCB_Start        sccb.o
    0x08005090   0x08005090   0x00000038   Code   RO          626    i.SCCB_Stop         sccb.o
    0x080050c8   0x080050c8   0x00000090   Code   RO          627    i.SCCB_WR_Byte      sccb.o
    0x08005158   0x08005158   0x0000003e   Code   RO          628    i.SCCB_WR_Reg       sccb.o
    0x08005196   0x08005196   0x00000002   Code   RO          132    i.SVC_Handler       stm32f10x_it.o
    0x08005198   0x08005198   0x000000a8   Code   RO          209    i.SetSysClockTo72   system_stm32f10x.o
    0x08005240   0x08005240   0x00000018   Code   RO          903    i.SysTick_CLKSourceConfig  misc.o
    0x08005258   0x08005258   0x00000002   Code   RO          133    i.SysTick_Handler   stm32f10x_it.o
    0x0800525a   0x0800525a   0x00000002   PAD
    0x0800525c   0x0800525c   0x00000050   Code   RO          211    i.SystemInit        system_stm32f10x.o
    0x080052ac   0x080052ac   0x0000006c   Code   RO         1603    i.TI1_Config        stm32f10x_tim.o
    0x08005318   0x08005318   0x0000007c   Code   RO         1604    i.TI2_Config        stm32f10x_tim.o
    0x08005394   0x08005394   0x00000034   Code   RO          564    i.TIM3_IRQHandler   timer.o
    0x080053c8   0x080053c8   0x0000003c   Code   RO         2136    i.TIM4_IRQHandler   usmart.o
    0x08005404   0x08005404   0x00000080   Code   RO          463    i.TIM5_CH2_Cap_Init  tpad.o
    0x08005484   0x08005484   0x00000088   Code   RO          568    i.TIM5_IRQHandler   timer.o
    0x0800550c   0x0800550c   0x00000040   Code   RO          569    i.TIM6_IRQHandler   timer.o
    0x0800554c   0x0800554c   0x00000060   Code   RO          570    i.TIM6_Int_Init     timer.o
    0x080055ac   0x080055ac   0x00000006   Code   RO         1611    i.TIM_ClearFlag     stm32f10x_tim.o
    0x080055b2   0x080055b2   0x00000006   Code   RO         1612    i.TIM_ClearITPendingBit  stm32f10x_tim.o
    0x080055b8   0x080055b8   0x00000014   Code   RO         1617    i.TIM_Cmd           stm32f10x_tim.o
    0x080055cc   0x080055cc   0x00000004   Code   RO         1632    i.TIM_GetCapture1   stm32f10x_tim.o
    0x080055d0   0x080055d0   0x00000004   Code   RO         1633    i.TIM_GetCapture2   stm32f10x_tim.o
    0x080055d4   0x080055d4   0x00000004   Code   RO         1636    i.TIM_GetCounter    stm32f10x_tim.o
    0x080055d8   0x080055d8   0x0000000e   Code   RO         1637    i.TIM_GetFlagStatus  stm32f10x_tim.o
    0x080055e6   0x080055e6   0x00000018   Code   RO         1638    i.TIM_GetITStatus   stm32f10x_tim.o
    0x080055fe   0x080055fe   0x00000002   PAD
    0x08005600   0x08005600   0x0000012c   Code   RO         1640    i.TIM_ICInit        stm32f10x_tim.o
    0x0800572c   0x0800572c   0x00000010   Code   RO         1642    i.TIM_ITConfig      stm32f10x_tim.o
    0x0800573c   0x0800573c   0x0000000c   Code   RO         1648    i.TIM_OC1PolarityConfig  stm32f10x_tim.o
    0x08005748   0x08005748   0x00000004   Code   RO         1676    i.TIM_SetAutoreload  stm32f10x_tim.o
    0x0800574c   0x0800574c   0x00000004   Code   RO         1682    i.TIM_SetCounter    stm32f10x_tim.o
    0x08005750   0x08005750   0x00000010   Code   RO         1683    i.TIM_SetIC1Prescaler  stm32f10x_tim.o
    0x08005760   0x08005760   0x00000018   Code   RO         1684    i.TIM_SetIC2Prescaler  stm32f10x_tim.o
    0x08005778   0x08005778   0x00000010   Code   RO         1685    i.TIM_SetIC3Prescaler  stm32f10x_tim.o
    0x08005788   0x08005788   0x00000018   Code   RO         1686    i.TIM_SetIC4Prescaler  stm32f10x_tim.o
    0x080057a0   0x080057a0   0x0000009c   Code   RO         1688    i.TIM_TimeBaseInit  stm32f10x_tim.o
    0x0800583c   0x0800583c   0x0000001c   Code   RO          464    i.TPAD_Get_MaxVal   tpad.o
    0x08005858   0x08005858   0x0000003c   Code   RO          465    i.TPAD_Get_Val      tpad.o
    0x08005894   0x08005894   0x000000a8   Code   RO          466    i.TPAD_Init         tpad.o
    0x0800593c   0x0800593c   0x00000060   Code   RO          467    i.TPAD_Reset        tpad.o
    0x0800599c   0x0800599c   0x00000040   Code   RO          468    i.TPAD_Scan         tpad.o
    0x080059dc   0x080059dc   0x00000060   Code   RO         2137    i.Timer4_Init       usmart.o
    0x08005a3c   0x08005a3c   0x00000064   Code   RO          840    i.USART1_IRQHandler  usart.o
    0x08005aa0   0x08005aa0   0x00000014   Code   RO         1373    i.USART_Cmd         stm32f10x_usart.o
    0x08005ab4   0x08005ab4   0x0000003e   Code   RO         1377    i.USART_GetITStatus  stm32f10x_usart.o
    0x08005af2   0x08005af2   0x00000030   Code   RO         1379    i.USART_ITConfig    stm32f10x_usart.o
    0x08005b22   0x08005b22   0x00000002   PAD
    0x08005b24   0x08005b24   0x000000ac   Code   RO         1380    i.USART_Init        stm32f10x_usart.o
    0x08005bd0   0x08005bd0   0x00000008   Code   RO         1387    i.USART_ReceiveData  stm32f10x_usart.o
    0x08005bd8   0x08005bd8   0x00000002   Code   RO          134    i.UsageFault_Handler  stm32f10x_it.o
    0x08005bda   0x08005bda   0x0000000e   Code   RO         2347    i._is_digit         c_w.l(__printf_wp.o)
    0x08005be8   0x08005be8   0x00000002   Code   RO          841    i._sys_exit         usart.o
    0x08005bea   0x08005bea   0x00000002   PAD
    0x08005bec   0x08005bec   0x0000003c   Code   RO          785    i.delay_init        delay.o
    0x08005c28   0x08005c28   0x00000034   Code   RO          786    i.delay_ms          delay.o
    0x08005c5c   0x08005c5c   0x00000034   Code   RO          787    i.delay_us          delay.o
    0x08005c90   0x08005c90   0x00000018   Code   RO          842    i.fputc             usart.o
    0x08005ca8   0x08005ca8   0x000004f8   Code   RO            3    i.main              main.o
    0x080061a0   0x080061a0   0x00000004   Code   RO         2138    i.read_addr         usmart.o
    0x080061a4   0x080061a4   0x000000a0   Code   RO          843    i.uart_init         usart.o
    0x08006244   0x08006244   0x00000094   Code   RO         2139    i.usmart_cmd_rec    usmart.o
    0x080062d8   0x080062d8   0x00000260   Code   RO         2140    i.usmart_exe        usmart.o
    0x08006538   0x08006538   0x0000009c   Code   RO         2229    i.usmart_get_aparm  usmart_str.o
    0x080065d4   0x080065d4   0x0000002e   Code   RO         2230    i.usmart_get_cmdname  usmart_str.o
    0x08006602   0x08006602   0x00000002   PAD
    0x08006604   0x08006604   0x00000168   Code   RO         2231    i.usmart_get_fname  usmart_str.o
    0x0800676c   0x0800676c   0x000000d0   Code   RO         2232    i.usmart_get_fparam  usmart_str.o
    0x0800683c   0x0800683c   0x00000024   Code   RO         2233    i.usmart_get_parmpos  usmart_str.o
    0x08006860   0x08006860   0x00000038   Code   RO         2141    i.usmart_get_runtime  usmart.o
    0x08006898   0x08006898   0x00000028   Code   RO         2142    i.usmart_init       usmart.o
    0x080068c0   0x080068c0   0x00000010   Code   RO         2234    i.usmart_pow        usmart_str.o
    0x080068d0   0x080068d0   0x00000030   Code   RO         2143    i.usmart_reset_runtime  usmart.o
    0x08006900   0x08006900   0x000000a4   Code   RO         2144    i.usmart_scan       usmart.o
    0x080069a4   0x080069a4   0x00000010   Code   RO         2235    i.usmart_search_nextc  usmart_str.o
    0x080069b4   0x080069b4   0x000000a0   Code   RO         2236    i.usmart_str2num    usmart_str.o
    0x08006a54   0x08006a54   0x00000018   Code   RO         2237    i.usmart_strcmp     usmart_str.o
    0x08006a6c   0x08006a6c   0x00000012   Code   RO         2238    i.usmart_strcopy    usmart_str.o
    0x08006a7e   0x08006a7e   0x00000012   Code   RO         2239    i.usmart_strlen     usmart_str.o
    0x08006a90   0x08006a90   0x00000670   Code   RO         2145    i.usmart_sys_cmd_exe  usmart.o
    0x08007100   0x08007100   0x00000004   Code   RO         2146    i.write_addr        usmart.o
    0x08007104   0x08007104   0x0000005a   Code   RO         2367    x$fpl$dfixu         fz_ws.l(dfixu.o)
    0x0800715e   0x0800715e   0x00000026   Code   RO         2371    x$fpl$dfltu         fz_ws.l(dflt_clz.o)
    0x08007184   0x08007184   0x00000154   Code   RO         2377    x$fpl$dmul          fz_ws.l(dmul.o)
    0x080072d8   0x080072d8   0x0000009c   Code   RO         2393    x$fpl$dnaninf       fz_ws.l(dnaninf.o)
    0x08007374   0x08007374   0x0000000c   Code   RO         2395    x$fpl$dretinf       fz_ws.l(dretinf.o)
    0x08007380   0x08007380   0x00000000   Code   RO         2397    x$fpl$usenofp       fz_ws.l(usenofp.o)
    0x08007380   0x08007380   0x000017c0   Data   RO          301    .constdata          lcd.o
    0x08008b40   0x08008b40   0x00000150   Data   RO          681    .constdata          ov7670.o
    0x08008c90   0x08008c90   0x00000082   Data   RO          735    .constdata          ov7725.o
    0x08008d12   0x08008d12   0x00000028   Data   RO         2320    .constdata          c_w.l(_printf_hex_int.o)
    0x08008d3a   0x08008d3a   0x00000011   Data   RO         2355    .constdata          c_w.l(__printf_flags_ss_wp.o)
    0x08008d4b   0x08008d4b   0x00000001   PAD
    0x08008d4c   0x08008d4c   0x0000006a   Data   RO            4    .conststring        main.o
    0x08008db6   0x08008db6   0x00000002   PAD
    0x08008db8   0x08008db8   0x00000028   Data   RO         2147    .conststring        usmart.o
    0x08008de0   0x08008de0   0x000000df   Data   RO         2212    .conststring        usmart_config.o
    0x08008ebf   0x08008ebf   0x00000001   PAD
    0x08008ec0   0x08008ec0   0x00000020   Data   RO         2552    Region$$Table       anon$$obj.o


    Execution Region RW_IRAM1 (Exec base: 0x20000000, Load base: 0x08008ee0, Size: 0x000006f8, Max: 0x00010000, ABSOLUTE, COMPRESSED[0x000000a0])

    Exec Addr    Load Addr    Size         Type   Attr      Idx    E Section Name        Object

    0x20000000   COMPRESSED   0x00000034   Data   RW            5    .data               main.o
    0x20000034   COMPRESSED   0x00000014   Data   RW          212    .data               system_stm32f10x.o
    0x20000048   COMPRESSED   0x00000001   Data   RW          252    .data               key.o
    0x20000049   COMPRESSED   0x00000001   PAD
    0x2000004a   COMPRESSED   0x00000004   Data   RW          302    .data               lcd.o
    0x2000004e   COMPRESSED   0x00000004   Data   RW          469    .data               tpad.o
    0x20000052   COMPRESSED   0x00000001   Data   RW          521    .data               exti.o
    0x20000053   COMPRESSED   0x00000001   PAD
    0x20000054   COMPRESSED   0x00000004   Data   RW          572    .data               timer.o
    0x20000058   COMPRESSED   0x00000004   Data   RW          788    .data               delay.o
    0x2000005c   COMPRESSED   0x00000002   Data   RW          845    .data               usart.o
    0x2000005e   COMPRESSED   0x00000002   PAD
    0x20000060   COMPRESSED   0x00000004   Data   RW          846    .data               usart.o
    0x20000064   COMPRESSED   0x00000014   Data   RW         1201    .data               stm32f10x_rcc.o
    0x20000078   COMPRESSED   0x0000001c   Data   RW         2148    .data               usmart.o
    0x20000094   COMPRESSED   0x00000038   Data   RW         2213    .data               usmart_config.o
    0x200000cc   COMPRESSED   0x000000f4   Data   RW         2214    .data               usmart_config.o
    0x200001c0        -       0x0000000e   Zero   RW          300    .bss                lcd.o
    0x200001ce        -       0x000000c8   Zero   RW          844    .bss                usart.o
    0x20000296   COMPRESSED   0x00000002   PAD
    0x20000298        -       0x00000060   Zero   RW         2430    .bss                c_w.l(libspace.o)
    0x200002f8        -       0x00000000   Zero   RW          893    HEAP                startup_stm32f10x_hd.o
    0x200002f8        -       0x00000400   Zero   RW          892    STACK               startup_stm32f10x_hd.o


==============================================================================

Image component sizes


      Code (inc. data)   RO Data    RW Data    ZI Data      Debug   Object Name

       164         26          0          4          0       1747   delay.o
       302         42          0          1          0       2852   exti.o
       228         22          0          1          0       1218   key.o
     14224        182       6080          4         14      54225   lcd.o
        80         10          0          0          0        515   led.o
      1784        364        106         52          0     267289   main.o
       144         16          0          0          0       2117   misc.o
       826         62        336          0          0       5213   ov7670.o
      1098         76        130          0          0       7473   ov7725.o
       682         66          0          0          0       4979   sccb.o
        60         22        304          0       1024        796   startup_stm32f10x_hd.o
       156         14          0          0          0       2256   stm32f10x_exti.o
       232          6          0          0          0       1909   stm32f10x_fsmc.o
       306         12          0          0          0       5244   stm32f10x_gpio.o
        18          0          0          0          0       3750   stm32f10x_it.o
       220         34          0         20          0       5146   stm32f10x_rcc.o
       886        106          0          0          0      14124   stm32f10x_tim.o
       310          6          0          0          0       5230   stm32f10x_usart.o
         0          0          0          0          0         32   sys.o
       248         24          0         20          0       1757   system_stm32f10x.o
       348         46          0          4          0       2690   timer.o
       544         58          0          4          0       4761   tpad.o
       286         26          0          6        200       4216   usart.o
      2876       1332         40         28          0       7818   usmart.o
         0          0        223        300          0       1660   usmart_config.o
      1058         20          0          0          0       9107   usmart_str.o

    ----------------------------------------------------------------------
     27098       2572       7254        448       1240     418124   Object Totals
         0          0         32          0          0          0   (incl. Generated)
        18          0          3          4          2          0   (incl. Padding)

    ----------------------------------------------------------------------

      Code (inc. data)   RO Data    RW Data    ZI Data      Debug   Library Member Name

        90          0          0          0          0          0   __dczerorl2.o
         8          0          0          0          0         68   __main.o
       392          4         17          0          0         92   __printf_flags_ss_wp.o
        14          0          0          0          0         68   __printf_wp.o
         0          0          0          0          0          0   __rtentry.o
        12          0          0          0          0          0   __rtentry2.o
         6          0          0          0          0          0   __rtentry4.o
        52          8          0          0          0          0   __scatter.o
        28          0          0          0          0          0   __scatter_zi.o
         6          0          0          0          0          0   _printf_c.o
        44          0          0          0          0        108   _printf_char.o
        48          6          0          0          0         96   _printf_char_common.o
        36          4          0          0          0         80   _printf_char_file.o
         6          0          0          0          0          0   _printf_d.o
       120         16          0          0          0         92   _printf_dec.o
        88          4         40          0          0         88   _printf_hex_int.o
       178          0          0          0          0         88   _printf_intcommon.o
        78          0          0          0          0        108   _printf_pad.o
         0          0          0          0          0          0   _printf_percent.o
         4          0          0          0          0          0   _printf_percent_end.o
         6          0          0          0          0          0   _printf_s.o
        82          0          0          0          0         80   _printf_str.o
         6          0          0          0          0          0   _printf_u.o
         6          0          0          0          0          0   _printf_x.o
        10          0          0          0          0         68   _sputc.o
        18          0          0          0          0         80   exit.o
         8          0          0          0          0         68   ferror.o
         6          0          0          0          0        152   heapauxi.o
         2          0          0          0          0          0   libinit.o
         2          0          0          0          0          0   libinit2.o
         2          0          0          0          0          0   libshutdown.o
         2          0          0          0          0          0   libshutdown2.o
         8          4          0          0         96         68   libspace.o
        24          4          0          0          0         84   noretval__2printf.o
        40          6          0          0          0         84   noretval__2sprintf.o
         2          0          0          0          0          0   rtexit.o
        10          0          0          0          0          0   rtexit2.o
        74          0          0          0          0         80   sys_stackheap_outer.o
         2          0          0          0          0         68   use_no_semi.o
         2          0          0          0          0         68   use_no_semi_2.o
        90          4          0          0          0         92   dfixu.o
        38          0          0          0          0         68   dflt_clz.o
       340         12          0          0          0        104   dmul.o
       156          4          0          0          0         92   dnaninf.o
        12          0          0          0          0         68   dretinf.o
         0          0          0          0          0          0   usenofp.o

    ----------------------------------------------------------------------
      2166         76         58          0         96       2212   Library Totals
         8          0          1          0          0          0   (incl. Padding)

    ----------------------------------------------------------------------

      Code (inc. data)   RO Data    RW Data    ZI Data      Debug   Library Name

      1522         56         57          0         96       1788   c_w.l
       636         20          0          0          0        424   fz_ws.l

    ----------------------------------------------------------------------
      2166         76         58          0         96       2212   Library Totals

    ----------------------------------------------------------------------

==============================================================================


      Code (inc. data)   RO Data    RW Data    ZI Data      Debug   

     29264       2648       7312        448       1336     412168   Grand Totals
     29264       2648       7312        160       1336     412168   ELF Image Totals (compressed)
     29264       2648       7312        160          0          0   ROM Totals

==============================================================================

    Total RO  Size (Code + RO Data)                36576 (  35.72kB)
    Total RW  Size (RW Data + ZI Data)              1784 (   1.74kB)
    Total ROM Size (Code + RO Data + RW Data)      36736 (  35.88kB)

==============================================================================

