<html>
<body>
<pre>
<h1>µVision Build Log</h1>
<h2>Tool Versions:</h2>
IDE-Version: ¦ÌVision V5.25.2.0
Copyright (C) 2018 ARM Ltd and ARM Germany GmbH. All rights reserved.
License Information: h Windows, HP Inc., LIC=PE72Z-JCBQ7-8FHIE-5YMGD-C1LVI-W7P5W
 
Tool Versions:
Toolchain:       MDK-ARM Plus  Version: 5.25.2.0
Toolchain Path:  G:\keil\mdk\ARM\ARMCC\Bin
C Compiler:      Armcc.exe V5.06 update 6 (build 750)
Assembler:       Armasm.exe V5.06 update 6 (build 750)
Linker/Locator:  ArmLink.exe V5.06 update 6 (build 750)
Library Manager: ArmAr.exe V5.06 update 6 (build 750)
Hex Converter:   FromElf.exe V5.06 update 6 (build 750)
CPU DLL:         SARMCM3.DLL V5.25.2.0
Dialog DLL:      DARMSTM.DLL V1.68.0.0
Target DLL:      STLink\ST-LINKIII-KEIL_SWO.dll V3.0.1.0
Dialog DLL:      TARMSTM.DLL V1.66.0.0
 
<h2>Project:</h2>
C:\Users\50205\Desktop\²ÝÄàÂíµÄÉãÏñÍ·Ñ¸¼´\USER\OV7670_OV7725.uvprojx
Project File Date:  08/28/2018

<h2>Output:</h2>
*** Using Compiler 'V5.06 update 6 (build 750)', folder: 'G:\keil\mdk\ARM\ARMCC\Bin'
Rebuild target 'OV7670_OV7725'
compiling stm32f10x_it.c...
compiling system_stm32f10x.c...
compiling main.c...
main.c(47): warning:  #177-D: variable "JudgeFlag"  was declared but never referenced
  	u8 JudgeFlag = 0;
main.c: 1 warning, 0 errors
compiling led.c...
compiling exti.c...
compiling ov7725.c...
compiling lcd.c...
compiling sccb.c...
compiling delay.c...
compiling usart.c...
compiling sys.c...
assembling startup_stm32f10x_hd.s...
compiling core_cm3.c...
compiling misc.c...
compiling stm32f10x_fsmc.c...
compiling stm32f10x_gpio.c...
compiling stm32f10x_exti.c...
compiling stm32f10x_rcc.c...
compiling stm32f10x_usart.c...
compiling stm32f10x_tim.c...
linking...
Program Size: Code=18952 RO-data=376 RW-data=176 ZI-data=1336  
FromELF: creating hex file...
"..\OBJ\OV7670.axf" - 0 Error(s), 1 Warning(s).

<h2>Software Packages used:</h2>

Package Vendor: Keil
                http://www.keil.com/pack/Keil.STM32F1xx_DFP.2.2.0.pack
                Keil.STM32F1xx_DFP.2.2.0
                STMicroelectronics STM32F1 Series Device Support, Drivers and Examples

<h2>Collection of Component include folders:</h2>
  .\RTE\_OV7670_OV7725
  G:\keil\mdk\ARM\PACK\Keil\STM32F1xx_DFP\2.2.0\Device\Include

<h2>Collection of Component Files used:</h2>
Build Time Elapsed:  00:00:08
</pre>
</body>
</html>
