C51 COMPILER V9.56.0.0   1                                                                 08/05/2018 09:57:22 PAGE 1   


C51 COMPILER V9.56.0.0, COMPILATION OF MODULE 1
OBJECT MODULE PLACED IN .\Objects\1.obj
COMPILER INVOKED BY: D:\software\keil c51\C51\BIN\C51.EXE 1.c OPTIMIZE(8,SPEED) BROWSE DEBUG OBJECTEXTEND PRINT(.\Listin
                    -gs\1.lst) TABS(2) OBJECT(.\Objects\1.obj)

line level    source

   1          //流水灯不断右移，中断后反响
   2          #include<reg52.h>
   3          #include<string.h>
   4          #include<stdio.h>
   5          #include<intrins.h>
   6          
   7          #define led P2
   8          
   9          unsigned char b;
  10          unsigned char flag;
  11          unsigned char d[10];
  12          unsigned char i=0;
  13          
  14          void init();
  15          void receive(unsigned char);
  16          void delay(unsigned int);
  17          
  18          void main()
  19          {
  20   1        unsigned int c;
  21   1        init();
  22   1        b=0xfe;
  23   1        while(1)
  24   1        {
  25   2          led=b;
  26   2          delay(500);
  27   2          b=_crol_(b, 1);
  28   2      //    if (flag==1)
  29   2      //    {
  30   2      //      c=strlen(d);
  31   2      //      ES=0;//发数据前先关闭串口中断
  32   2      //      TI=1;
  33   2      //      printf("%d", c);
  34   2      //      while (!TI);//*******
  35   2      //      TI=0;
  36   2      //      ES=1;
  37   2      //      flag=0;
  38   2      //    }
  39   2          if (flag==1&&i<10)
  40   2          {
  41   3            flag=0;
  42   3          }
  43   2          for (i=0;i<10;i++)
  44   2          {
  45   3            if (d[i]=='2')
  46   3            { 
  47   4              c=strlen(d);
  48   4              ES=0;
  49   4              TI=1; 
  50   4              printf("%d", c);
  51   4              while (!TI);//*********
  52   4              TI=0;
  53   4              ES=0;
  54   4            }
C51 COMPILER V9.56.0.0   1                                                                 08/05/2018 09:57:22 PAGE 2   

  55   3          }
  56   2        }
  57   1      }
  58            
  59          void init()
  60          {
  61   1        TMOD=0x20;
  62   1        TH1=0xf3;
  63   1        TL1=0xf3;
  64   1        PCON=0x80;
  65   1        TR1=1;//定时器1开关
  66   1        SCON=0x50;
  67   1        EA=1;//总开关
  68   1        ES=1;//打开串口中断
  69   1      }
  70          
  71          void aa() interrupt 4
  72          {
  73   1        if (RI)
  74   1        {
  75   2          RI=0;
  76   2          d[i]=SBUF;
  77   2        }
  78   1        flag=1;
  79   1        i++;
  80   1      }
  81          void delay(unsigned int a)
  82          {
  83   1        unsigned int i, j;
  84   1        for (i=a;i>0;i--)
  85   1          for(j=110;j>0;j--);
  86   1      }
  87          
  88              


MODULE INFORMATION:   STATIC OVERLAYABLE
   CODE SIZE        =    185    ----
   CONSTANT SIZE    =      3    ----
   XDATA SIZE       =   ----    ----
   PDATA SIZE       =   ----    ----
   DATA SIZE        =     13    ----
   IDATA SIZE       =   ----    ----
   BIT SIZE         =   ----    ----
END OF MODULE INFORMATION.


C51 COMPILATION COMPLETE.  0 WARNING(S),  0 ERROR(S)
